Archive member included to satisfy reference by file (symbol)

c:/program files (x86)/atmel/studio/7.0/toolchain/arm/arm-gnu-toolchain/bin/../lib/gcc/arm-none-eabi/6.3.1/thumb/v8-m.base\libgcc.a(_arm_cmpdf2.o)
                              main.o (__aeabi_dcmpeq)
c:/program files (x86)/atmel/studio/7.0/toolchain/arm/arm-gnu-toolchain/bin/../lib/gcc/arm-none-eabi/6.3.1/thumb/v8-m.base\libgcc.a(_arm_cmpsf2.o)
                              Calibration/adjustValue.o (__aeabi_fcmplt)
c:/program files (x86)/atmel/studio/7.0/toolchain/arm/arm-gnu-toolchain/bin/../lib/gcc/arm-none-eabi/6.3.1/thumb/v8-m.base\libgcc.a(_aeabi_uldivmod.o)
                              hpl/sercom/hpl_sercom.o (__aeabi_uldivmod)
c:/program files (x86)/atmel/studio/7.0/toolchain/arm/arm-gnu-toolchain/bin/../lib/gcc/arm-none-eabi/6.3.1/thumb/v8-m.base\libgcc.a(_muldi3.o)
                              hpl/sercom/hpl_sercom.o (__aeabi_lmul)
c:/program files (x86)/atmel/studio/7.0/toolchain/arm/arm-gnu-toolchain/bin/../lib/gcc/arm-none-eabi/6.3.1/thumb/v8-m.base\libgcc.a(_fixunssfsi.o)
                              main.o (__aeabi_f2uiz)
c:/program files (x86)/atmel/studio/7.0/toolchain/arm/arm-gnu-toolchain/bin/../lib/gcc/arm-none-eabi/6.3.1/thumb/v8-m.base\libgcc.a(_fixunsdfsi.o)
                              freeModBus/port/portserial.o (__aeabi_d2uiz)
c:/program files (x86)/atmel/studio/7.0/toolchain/arm/arm-gnu-toolchain/bin/../lib/gcc/arm-none-eabi/6.3.1/thumb/v8-m.base\libgcc.a(_udivmoddi4.o)
                              c:/program files (x86)/atmel/studio/7.0/toolchain/arm/arm-gnu-toolchain/bin/../lib/gcc/arm-none-eabi/6.3.1/thumb/v8-m.base\libgcc.a(_aeabi_uldivmod.o) (__udivmoddi4)
c:/program files (x86)/atmel/studio/7.0/toolchain/arm/arm-gnu-toolchain/bin/../lib/gcc/arm-none-eabi/6.3.1/thumb/v8-m.base\libgcc.a(addsf3.o)
                              Calibration/adjustValue.o (__aeabi_fadd)
c:/program files (x86)/atmel/studio/7.0/toolchain/arm/arm-gnu-toolchain/bin/../lib/gcc/arm-none-eabi/6.3.1/thumb/v8-m.base\libgcc.a(divsf3.o)
                              Calibration/coefFind.o (__aeabi_fdiv)
c:/program files (x86)/atmel/studio/7.0/toolchain/arm/arm-gnu-toolchain/bin/../lib/gcc/arm-none-eabi/6.3.1/thumb/v8-m.base\libgcc.a(eqsf2.o)
                              c:/program files (x86)/atmel/studio/7.0/toolchain/arm/arm-gnu-toolchain/bin/../lib/gcc/arm-none-eabi/6.3.1/thumb/v8-m.base\libgcc.a(_arm_cmpsf2.o) (__eqsf2)
c:/program files (x86)/atmel/studio/7.0/toolchain/arm/arm-gnu-toolchain/bin/../lib/gcc/arm-none-eabi/6.3.1/thumb/v8-m.base\libgcc.a(gesf2.o)
                              c:/program files (x86)/atmel/studio/7.0/toolchain/arm/arm-gnu-toolchain/bin/../lib/gcc/arm-none-eabi/6.3.1/thumb/v8-m.base\libgcc.a(_arm_cmpsf2.o) (__gesf2)
c:/program files (x86)/atmel/studio/7.0/toolchain/arm/arm-gnu-toolchain/bin/../lib/gcc/arm-none-eabi/6.3.1/thumb/v8-m.base\libgcc.a(lesf2.o)
                              c:/program files (x86)/atmel/studio/7.0/toolchain/arm/arm-gnu-toolchain/bin/../lib/gcc/arm-none-eabi/6.3.1/thumb/v8-m.base\libgcc.a(_arm_cmpsf2.o) (__lesf2)
c:/program files (x86)/atmel/studio/7.0/toolchain/arm/arm-gnu-toolchain/bin/../lib/gcc/arm-none-eabi/6.3.1/thumb/v8-m.base\libgcc.a(mulsf3.o)
                              Calibration/adjustValue.o (__aeabi_fmul)
c:/program files (x86)/atmel/studio/7.0/toolchain/arm/arm-gnu-toolchain/bin/../lib/gcc/arm-none-eabi/6.3.1/thumb/v8-m.base\libgcc.a(subsf3.o)
                              Calibration/coefFind.o (__aeabi_fsub)
c:/program files (x86)/atmel/studio/7.0/toolchain/arm/arm-gnu-toolchain/bin/../lib/gcc/arm-none-eabi/6.3.1/thumb/v8-m.base\libgcc.a(unordsf2.o)
                              Calibration/coefFind.o (__aeabi_fcmpun)
c:/program files (x86)/atmel/studio/7.0/toolchain/arm/arm-gnu-toolchain/bin/../lib/gcc/arm-none-eabi/6.3.1/thumb/v8-m.base\libgcc.a(fixsfsi.o)
                              main.o (__aeabi_f2iz)
c:/program files (x86)/atmel/studio/7.0/toolchain/arm/arm-gnu-toolchain/bin/../lib/gcc/arm-none-eabi/6.3.1/thumb/v8-m.base\libgcc.a(floatsisf.o)
                              main.o (__aeabi_i2f)
c:/program files (x86)/atmel/studio/7.0/toolchain/arm/arm-gnu-toolchain/bin/../lib/gcc/arm-none-eabi/6.3.1/thumb/v8-m.base\libgcc.a(floatunsisf.o)
                              freeModBus/port/portserial.o (__aeabi_ui2f)
c:/program files (x86)/atmel/studio/7.0/toolchain/arm/arm-gnu-toolchain/bin/../lib/gcc/arm-none-eabi/6.3.1/thumb/v8-m.base\libgcc.a(adddf3.o)
                              hte501/hte501.o (__aeabi_dadd)
c:/program files (x86)/atmel/studio/7.0/toolchain/arm/arm-gnu-toolchain/bin/../lib/gcc/arm-none-eabi/6.3.1/thumb/v8-m.base\libgcc.a(divdf3.o)
                              freeModBus/port/portserial.o (__aeabi_ddiv)
c:/program files (x86)/atmel/studio/7.0/toolchain/arm/arm-gnu-toolchain/bin/../lib/gcc/arm-none-eabi/6.3.1/thumb/v8-m.base\libgcc.a(eqdf2.o)
[...]
Memory Configuration

Name             Origin             Length             Attributes
rom              0x00000000         0x00010000         xr
ram              0x20000000         0x00004000         xrw
*default*        0x00000000         0xffffffff

Linker script and memory map

LOAD c:/program files (x86)/atmel/studio/7.0/toolchain/arm/arm-gnu-toolchain/bin/../lib/gcc/arm-none-eabi/6.3.1/thumb/v8-m.base/crti.o
LOAD c:/program files (x86)/atmel/studio/7.0/toolchain/arm/arm-gnu-toolchain/bin/../lib/gcc/arm-none-eabi/6.3.1/thumb/v8-m.base/crtbegin.o
LOAD c:/program files (x86)/atmel/studio/7.0/toolchain/arm/arm-gnu-toolchain/bin/../lib/gcc/arm-none-eabi/6.3.1/../../../../arm-none-eabi/lib/thumb/v8-m.base/crt0.o
LOAD atmel_start.o
LOAD Calibration/adjustValue.o
LOAD Calibration/coefFind.o
LOAD Device_Startup/startup_saml10e16a.o
LOAD Device_Startup/system_saml10e16a.o
LOAD driver_init.o
LOAD eepromEmulator/eepromEmulator.o
LOAD eepromRead/memRead.o
LOAD examples/driver_examples.o
LOAD freeModBus/ascii/mbascii.o
LOAD freeModBus/functions/mbfunccoils.o
LOAD freeModBus/functions/mbfuncdiag.o
LOAD freeModBus/functions/mbfuncdisc.o
LOAD freeModBus/functions/mbfuncholding.o
LOAD freeModBus/functions/mbfuncinput.o
LOAD freeModBus/functions/mbfuncother.o
LOAD freeModBus/functions/mbutils.o
LOAD freeModBus/mb.o
LOAD freeModBus/port/portevent.o
LOAD freeModBus/port/portserial.o
LOAD freeModBus/port/porttimer.o
LOAD freeModBus/rtu/mbcrc.o
LOAD freeModBus/rtu/mbrtu.o
LOAD freeModBus/tcp/mbtcp.o
LOAD hal/src/hal_atomic.o
LOAD hal/src/hal_delay.o
LOAD hal/src/hal_gpio.o
LOAD hal/src/hal_i2c_m_sync.o
LOAD hal/src/hal_init.o
LOAD hal/src/hal_io.o
LOAD hal/src/hal_sleep.o
LOAD hal/src/hal_spi_m_sync.o
LOAD hal/src/hal_timer.o
LOAD hal/src/hal_wdt.o
LOAD hal/utils/src/utils_assert.o
LOAD hal/utils/src/utils_event.o
LOAD hal/utils/src/utils_list.o
LOAD hal/utils/src/utils_syscalls.o
LOAD hpl/core/hpl_core_m23_base.o
LOAD hpl/core/hpl_init.o
LOAD hpl/dmac/hpl_dmac.o
LOAD hpl/gclk/hpl_gclk.o
LOAD hpl/mclk/hpl_mclk.o
LOAD hpl/nvmctrl/nvmctrl_lite.o
LOAD hpl/osc32kctrl/hpl_osc32kctrl.o
LOAD hpl/oscctrl/hpl_oscctrl.o
LOAD hpl/pm/hpl_pm.o
LOAD hpl/sercom/hpl_sercom.o
LOAD hpl/tc/hpl_tc.o
LOAD hpl/usart/usart_lite.o
LOAD hpl/wdt/hpl_wdt.o
LOAD hte501/hte501.o
LOAD main.o
LOAD ModBusConfig/ModBusConfig.o
LOAD sht3x/sht3x.o
LOAD sht4x/sht4x.o
START GROUP
LOAD c:/program files (x86)/atmel/studio/7.0/toolchain/arm/arm-gnu-toolchain/bin/../lib/gcc/arm-none-eabi/6.3.1/../../../../arm-none-eabi/lib/thumb/v8-m.base\libm.a
END GROUP
START GROUP
LOAD c:/program files (x86)/atmel/studio/7.0/toolchain/arm/arm-gnu-toolchain/bin/../lib/gcc/arm-none-eabi/6.3.1/thumb/v8-m.base\libgcc.a
LOAD c:/program files (x86)/atmel/studio/7.0/toolchain/arm/arm-gnu-toolchain/bin/../lib/gcc/arm-none-eabi/6.3.1/../../../../arm-none-eabi/lib/thumb/v8-m.base\libc_nano.a
END GROUP
START GROUP
LOAD c:/program files (x86)/atmel/studio/7.0/toolchain/arm/arm-gnu-toolchain/bin/../lib/gcc/arm-none-eabi/6.3.1/thumb/v8-m.base\libgcc.a
LOAD c:/program files (x86)/atmel/studio/7.0/toolchain/arm/arm-gnu-toolchain/bin/../lib/gcc/arm-none-eabi/6.3.1/../../../../arm-none-eabi/lib/thumb/v8-m.base\libc_nano.a
END GROUP
LOAD c:/program files (x86)/atmel/studio/7.0/toolchain/arm/arm-gnu-toolchain/bin/../lib/gcc/arm-none-eabi/6.3.1/thumb/v8-m.base/crtend.o
LOAD c:/program files (x86)/atmel/studio/7.0/toolchain/arm/arm-gnu-toolchain/bin/../lib/gcc/arm-none-eabi/6.3.1/thumb/v8-m.base/crtn.o
                0x00000400                STACK_SIZE = DEFINED (STACK_SIZE)?STACK_SIZE:DEFINED (__stack_size__)?__stack_size__:0x400
                0x00000200                HEAP_SIZE = DEFINED (HEAP_SIZE)?HEAP_SIZE:DEFINED (__heap_size__)?__heap_size__:0x200

.text           0x00000000     0x72ec
                0x00000000                . = ALIGN (0x4)
                0x00000000                _sfixed = .
 *(.vectors .vectors.*)
 .vectors       0x00000000       0xf4 Device_Startup/startup_saml10e16a.o
                0x00000000                exception_table
 *(.text .text.* .gnu.linkonce.t.*)
 .text          0x000000f4       0x6c c:/program files (x86)/atmel/studio/7.0/toolchain/arm/arm-gnu-toolchain/bin/../lib/gcc/arm-none-eabi/6.3.1/thumb/v8-m.base/crtbegin.o
 .text.atmel_start_init
                0x00000160        0xe atmel_start.o
                0x00000160                atmel_start_init
 .text.Dummy_Handler
                0x0000016e        0x2 Device_Startup/startup_saml10e16a.o
                0x0000016e                SVCall_Handler
                0x0000016e                SERCOM0_2_Handler
                0x0000016e                EVSYS_0_Handler
                0x0000016e                TRNG_Handler
                0x0000016e                HardFault_Handler
                0x0000016e                ADC_RESRDY_Handler
                0x0000016e                AC_Handler
                0x0000016e                DMAC_OTHER_Handler
                0x0000016e                SysTick_Handler
                0x0000016e                PendSV_Handler
                0x0000016e                EVSYS_3_Handler
                0x0000016e                NonMaskableInt_Handler
                0x0000016e                SERCOM0_OTHER_Handler
                0x0000016e                EIC_3_Handler
                0x0000016e                SERCOM0_0_Handler
                0x0000016e                RTC_Handler
                0x0000016e                SERCOM1_OTHER_Handler
                0x0000016e                EVSYS_1_Handler
                0x0000016e                DMAC_0_Handler
                0x0000016e                WDT_Handler
                0x0000016e                TRAM_Handler
                0x0000016e                EVSYS_NSCHK_Handler
                0x0000016e                TC1_Handler
                0x0000016e                DAC_EMPTY_Handler
                0x0000016e                PAC_Handler
                0x0000016e                EIC_0_Handler
                0x0000016e                Dummy_Handler
                0x0000016e                DMAC_2_Handler
                0x0000016e                SERCOM0_1_Handler
                0x0000016e                DMAC_1_Handler
                0x0000016e                SERCOM1_1_Handler
                0x0000016e                EIC_2_Handler
                0x0000016e                NVMCTRL_Handler
                0x0000016e                PORT_Handler
                0x0000016e                SYSTEM_Handler
                0x0000016e                SERCOM1_0_Handler
                0x0000016e                SERCOM1_2_Handler
                0x0000016e                EIC_1_Handler
                0x0000016e                PTC_Handler
                0x0000016e                EVSYS_2_Handler
                0x0000016e                FREQM_Handler
                0x0000016e                DAC_UNDERRUN_A_Handler
                0x0000016e                EIC_OTHER_Handler
                0x0000016e                ADC_OTHER_Handler
                0x0000016e                DMAC_3_Handler
 .text.Reset_Handler
                0x00000170       0x84 Device_Startup/startup_saml10e16a.o
                0x00000170                Reset_Handler
 .text.TIMER_0_init
                0x000001f4       0x48 driver_init.o
 .text.TIMER_2_init
                0x0000023c       0x46 driver_init.o
 .text.FLASH_0_clock_init
                0x00000282       0x1a driver_init.o
                0x00000282                FLASH_0_clock_init
 .text.I2C_0_PORT_init
                0x0000029c       0x70 driver_init.o
                0x0000029c                I2C_0_PORT_init
 .text.I2C_0_CLOCK_init
                0x0000030c       0x26 driver_init.o
                0x0000030c                I2C_0_CLOCK_init
 .text.I2C_0_init
                0x00000332       0x32 driver_init.o
                0x00000332                I2C_0_init
 .text.USART_0_CLOCK_init
                0x00000364       0x26 driver_init.o
                0x00000364                USART_0_CLOCK_init
 .text.USART_0_PORT_init
                0x0000038a       0x46 driver_init.o
                0x0000038a                USART_0_PORT_init
 .text.WDT_0_CLOCK_init
                0x000003d0       0x14 driver_init.o
                0x000003d0                WDT_0_CLOCK_init
 .text.WDT_0_init
                0x000003e4       0x40 driver_init.o
                0x000003e4                WDT_0_init
 .text.system_init
                0x00000424       0xf2 driver_init.o
                0x00000424                system_init
 .text.FLASH_0_write_mbConfig
                0x00000516       0x78 eepromEmulator/eepromEmulator.o
                0x00000516                FLASH_0_write_mbConfig
 .text.FLASH_0_read_mbConfig
                0x0000058e       0x38 eepromEmulator/eepromEmulator.o
                0x0000058e                FLASH_0_read_mbConfig
 .text.FLASH_0_write_mbConfig_RecoveryData
                0x000005c6       0x80 eepromEmulator/eepromEmulator.o
                0x000005c6                FLASH_0_write_mbConfig_RecoveryData
 .text.FLASH_0_read_mbConfig_RecoveryData
                0x00000646       0x3c eepromEmulator/eepromEmulator.o
                0x00000646                FLASH_0_read_mbConfig_RecoveryData
 .text.prvucMBCHAR2BIN
                0x00000682       0x20 freeModBus/ascii/mbascii.o
 .text.prvucMBBIN2CHAR
                0x000006a2       0x1e freeModBus/ascii/mbascii.o
 .text.prvucMBLRC
                0x000006c0       0x1c freeModBus/ascii/mbascii.o
 .text.eMBASCIIInit
                0x000006dc       0x6a freeModBus/ascii/mbascii.o
                0x000006dc                eMBASCIIInit
 .text.eMBASCIIStart
                0x00000746       0x46 freeModBus/ascii/mbascii.o
                0x00000746                eMBASCIIStart
 .text.eMBASCIIStop
                0x0000078c       0x38 freeModBus/ascii/mbascii.o
                0x0000078c                eMBASCIIStop
 .text.eMBASCIIReceive
                0x000007c4       0x80 freeModBus/ascii/mbascii.o
                0x000007c4                eMBASCIIReceive
 .text.eMBASCIISend
                0x00000844       0x8c freeModBus/ascii/mbascii.o
                0x00000844                eMBASCIISend
 .text.xMBASCIIReceiveFSM
                0x000008d0      0x1a2 freeModBus/ascii/mbascii.o
                0x000008d0                xMBASCIIReceiveFSM
 *fill*         0x00000a72        0x2 
 .text.xMBASCIITransmitFSM
                0x00000a74      0x148 freeModBus/ascii/mbascii.o
                0x00000a74                xMBASCIITransmitFSM
 .text.xMBASCIITimerT1SExpired
                0x00000bbc       0x2e freeModBus/ascii/mbascii.o
                0x00000bbc                xMBASCIITimerT1SExpired
 .text.eMBFuncReadCoils
                0x00000bea       0x82 freeModBus/functions/mbfunccoils.o
                0x00000bea                eMBFuncReadCoils
 .text.eMBFuncWriteCoil
                0x00000c6c       0x6a freeModBus/functions/mbfunccoils.o
                0x00000c6c                eMBFuncWriteCoil
 .text.eMBFuncWriteMultipleCoils
                0x00000cd6       0x72 freeModBus/functions/mbfunccoils.o
                0x00000cd6                eMBFuncWriteMultipleCoils
 .text.eMBFuncReadDiscreteInputs
                0x00000d48       0x80 freeModBus/functions/mbfuncdisc.o
                0x00000d48                eMBFuncReadDiscreteInputs
 .text.eMBFuncWriteHoldingRegister
                0x00000dc8       0x3a freeModBus/functions/mbfuncholding.o
                0x00000dc8                eMBFuncWriteHoldingRegister
 .text.eMBFuncWriteMultipleHoldingRegister
                0x00000e02       0x60 freeModBus/functions/mbfuncholding.o
                0x00000e02                eMBFuncWriteMultipleHoldingRegister
 .text.eMBFuncReadHoldingRegister
                0x00000e62       0x6e freeModBus/functions/mbfuncholding.o
                0x00000e62                eMBFuncReadHoldingRegister
 .text.eMBFuncReadWriteMultipleHoldingRegister
                0x00000ed0       0xba freeModBus/functions/mbfuncholding.o
                0x00000ed0                eMBFuncReadWriteMultipleHoldingRegister
 .text.eMBFuncReadInputRegister
                0x00000f8a       0x72 freeModBus/functions/mbfuncinput.o
                0x00000f8a                eMBFuncReadInputRegister
 .text.eMBSetSlaveID
                0x00000ffc       0x50 freeModBus/functions/mbfuncother.o
                0x00000ffc                eMBSetSlaveID
 .text.eMBFuncReportSlaveID
                0x0000104c       0x24 freeModBus/functions/mbfuncother.o
                0x0000104c                eMBFuncReportSlaveID
 .text.prveMBError2Exception
                0x00001070       0x1a freeModBus/functions/mbutils.o
                0x00001070                prveMBError2Exception
 .text.eMBInit  0x0000108a      0x154 freeModBus/mb.o
                0x0000108a                eMBInit
 .text.eMBEnable
                0x000011de       0x30 freeModBus/mb.o
                0x000011de                eMBEnable
 .text.eMBPoll  0x0000120e      0x12a freeModBus/mb.o
                0x0000120e                eMBPoll
 .text.xMBPortEventInit
                0x00001338       0x10 freeModBus/port/portevent.o
                0x00001338                xMBPortEventInit
 .text.xMBPortEventPost
                0x00001348       0x12 freeModBus/port/portevent.o
                0x00001348                xMBPortEventPost
 .text.xMBPortEventGet
                0x0000135a       0x22 freeModBus/port/portevent.o
                0x0000135a                xMBPortEventGet
 .text.SERCOM2_0_Handler
                0x0000137c       0x10 freeModBus/port/portserial.o
                0x0000137c                SERCOM2_0_Handler
 .text.SERCOM2_1_Handler
                0x0000138c       0x44 freeModBus/port/portserial.o
                0x0000138c                SERCOM2_1_Handler
 .text.SERCOM2_2_Handler
                0x000013d0       0x42 freeModBus/port/portserial.o
                0x000013d0                SERCOM2_2_Handler
 .text.SERCOM2_OTHER_Handler
                0x00001412       0x54 freeModBus/port/portserial.o
                0x00001412                SERCOM2_OTHER_Handler
 .text.xMBPortSerialPutByte
                0x00001466       0x10 freeModBus/port/portserial.o
                0x00001466                xMBPortSerialPutByte
 .text.xMBPortSerialGetByte
                0x00001476       0x10 freeModBus/port/portserial.o
                0x00001476                xMBPortSerialGetByte
 *fill*         0x00001486        0x2 
 .text.vMBPortSerialEnable
                0x00001488       0xb4 freeModBus/port/portserial.o
                0x00001488                vMBPortSerialEnable
 .text.xMBPortSerialInit
                0x0000153c      0x244 freeModBus/port/portserial.o
                0x0000153c                xMBPortSerialInit
 .text.TIMER_0_task1_cb
                0x00001780       0x38 freeModBus/port/porttimer.o
                0x00001780                TIMER_0_task1_cb
 .text.reloadTimer0
                0x000017b8       0x52 freeModBus/port/porttimer.o
                0x000017b8                reloadTimer0
 .text.xMBPortTimersInit
                0x0000180a       0x3e freeModBus/port/porttimer.o
                0x0000180a                xMBPortTimersInit
 .text.vMBPortTimersEnable
                0x00001848       0x20 freeModBus/port/porttimer.o
                0x00001848                vMBPortTimersEnable
 .text.vMBPortTimersDisable
                0x00001868       0x16 freeModBus/port/porttimer.o
                0x00001868                vMBPortTimersDisable
 .text.usMBCRC16
                0x0000187e       0x36 freeModBus/rtu/mbcrc.o
                0x0000187e                usMBCRC16
 .text.eMBRTUInit
                0x000018b4       0x7c freeModBus/rtu/mbrtu.o
                0x000018b4                eMBRTUInit
 .text.eMBRTUStart
                0x00001930       0x44 freeModBus/rtu/mbrtu.o
                0x00001930                eMBRTUStart
 .text.eMBRTUStop
                0x00001974       0x38 freeModBus/rtu/mbrtu.o
                0x00001974                eMBRTUStop
 .text.eMBRTUReceive
                0x000019ac       0x80 freeModBus/rtu/mbrtu.o
                0x000019ac                eMBRTUReceive
 .text.eMBRTUSend
                0x00001a2c       0x9a freeModBus/rtu/mbrtu.o
                0x00001a2c                eMBRTUSend
 .text.xMBRTUReceiveFSM
                0x00001ac6       0xc8 freeModBus/rtu/mbrtu.o
                0x00001ac6                xMBRTUReceiveFSM
 .text.xMBRTUTransmitFSM
                0x00001b8e       0xaa freeModBus/rtu/mbrtu.o
                0x00001b8e                xMBRTUTransmitFSM
 .text.xMBRTUTimerT35Expired
                0x00001c38       0x50 freeModBus/rtu/mbrtu.o
                0x00001c38                xMBRTUTimerT35Expired
 .text.atomic_enter_critical
                0x00001c88        0xe hal/src/hal_atomic.o
                0x00001c88                atomic_enter_critical
 .text.atomic_leave_critical
                0x00001c96        0xc hal/src/hal_atomic.o
                0x00001c96                atomic_leave_critical
 .text.delay_us
                0x00001ca2       0x26 hal/src/hal_delay.o
                0x00001ca2                delay_us
 .text.delay_ms
                0x00001cc8       0x26 hal/src/hal_delay.o
                0x00001cc8                delay_ms
 *fill*         0x00001cee        0x2 
 .text.i2c_m_sync_write
                0x00001cf0       0x34 hal/src/hal_i2c_m_sync.o
 .text.i2c_m_sync_read
                0x00001d24       0x34 hal/src/hal_i2c_m_sync.o
 .text.i2c_m_sync_init
                0x00001d58       0x46 hal/src/hal_i2c_m_sync.o
                0x00001d58                i2c_m_sync_init
 .text.i2c_m_sync_enable
                0x00001d9e        0xe hal/src/hal_i2c_m_sync.o
                0x00001d9e                i2c_m_sync_enable
 .text.i2c_m_sync_set_slaveaddr
                0x00001dac       0x12 hal/src/hal_i2c_m_sync.o
                0x00001dac                i2c_m_sync_set_slaveaddr
 .text.i2c_m_sync_get_io_descriptor
                0x00001dbe        0x8 hal/src/hal_i2c_m_sync.o
                0x00001dbe                i2c_m_sync_get_io_descriptor
 .text.io_write
                0x00001dc6       0x36 hal/src/hal_io.o
                0x00001dc6                io_write
 .text.io_read  0x00001dfc       0x36 hal/src/hal_io.o
                0x00001dfc                io_read
 .text.timer_add_timer_task
                0x00001e32       0x5c hal/src/hal_timer.o
 .text.timer_process_counted
                0x00001e8e       0x66 hal/src/hal_timer.o
 .text.timer_init
                0x00001ef4       0x48 hal/src/hal_timer.o
                0x00001ef4                timer_init
 .text.timer_start
                0x00001f3c       0x42 hal/src/hal_timer.o
                0x00001f3c                timer_start
 .text.timer_stop
                0x00001f7e       0x42 hal/src/hal_timer.o
                0x00001f7e                timer_stop
 .text.timer_add_task
                0x00001fc0       0xc8 hal/src/hal_timer.o
                0x00001fc0                timer_add_task
 .text.assert   0x00002088        0x6 hal/utils/src/utils_assert.o
                0x00002088                assert
 .text.is_list_element
                0x0000208e       0x14 hal/utils/src/utils_list.o
                0x0000208e                is_list_element
 .text.list_insert_as_head
                0x000020a2       0x32 hal/utils/src/utils_list.o
                0x000020a2                list_insert_as_head
 .text.list_insert_after
                0x000020d4        0x8 hal/utils/src/utils_list.o
                0x000020d4                list_insert_after
 .text.list_remove_head
                0x000020dc       0x10 hal/utils/src/utils_list.o
                0x000020dc                list_remove_head
 .text._irq_set
                0x000020ec       0x20 hpl/core/hpl_core_m23_base.o
                0x000020ec                _irq_set
 .text._get_cycles_for_us
                0x0000210c       0x10 hpl/core/hpl_core_m23_base.o
                0x0000210c                _get_cycles_for_us
 .text._get_cycles_for_ms
                0x0000211c       0x14 hpl/core/hpl_core_m23_base.o
                0x0000211c                _get_cycles_for_ms
 .text._delay_cycles
                0x00002130        0x6 hpl/core/hpl_core_m23_base.o
                0x00002130                _delay_cycles
 .text._init_chip
                0x00002136       0x50 hpl/core/hpl_init.o
                0x00002136                _init_chip
 .text._gclk_init_generators_by_fref
                0x00002186       0x4e hpl/gclk/hpl_gclk.o
                0x00002186                _gclk_init_generators_by_fref
 .text._mclk_init
                0x000021d4        0xe hpl/mclk/hpl_mclk.o
                0x000021d4                _mclk_init
 .text.FLASH_0_init
                0x000021e2        0x4 hpl/nvmctrl/nvmctrl_lite.o
                0x000021e2                FLASH_0_init
 *fill*         0x000021e6        0x2 
 .text.FLASH_0_exec_cmd
                0x000021e8       0x6c hpl/nvmctrl/nvmctrl_lite.o
                0x000021e8                FLASH_0_exec_cmd
 .text.FLASH_0_erase_row
                0x00002254       0x12 hpl/nvmctrl/nvmctrl_lite.o
                0x00002254                FLASH_0_erase_row
 .text.FLASH_0_write_page_buffer
                0x00002266       0x56 hpl/nvmctrl/nvmctrl_lite.o
                0x00002266                FLASH_0_write_page_buffer
 .text.FLASH_0_write_page
                0x000022bc       0x34 hpl/nvmctrl/nvmctrl_lite.o
                0x000022bc                FLASH_0_write_page
 .text.FLASH_0_read
                0x000022f0       0x4e hpl/nvmctrl/nvmctrl_lite.o
                0x000022f0                FLASH_0_read
 .text._osc32kctrl_init_sources
                0x0000233e       0x1c hpl/osc32kctrl/hpl_osc32kctrl.o
                0x0000233e                _osc32kctrl_init_sources
 .text._oscctrl_init_sources
                0x0000235a       0x30 hpl/oscctrl/hpl_oscctrl.o
                0x0000235a                _oscctrl_init_sources
 .text._oscctrl_init_referenced_generators
                0x0000238a        0x2 hpl/oscctrl/hpl_oscctrl.o
                0x0000238a                _oscctrl_init_referenced_generators
 .text._set_performance_level
                0x0000238c       0x3a hpl/pm/hpl_pm.o
                0x0000238c                _set_performance_level
 .text._sercom_get_hardware_index
                0x000023c6       0x30 hpl/sercom/hpl_sercom.o
 .text._get_i2cm_index
                0x000023f6       0x52 hpl/sercom/hpl_sercom.o
 .text._i2c_m_sync_init_impl
                0x00002448       0xf4 hpl/sercom/hpl_sercom.o
 .text._sercom_i2c_sync_send_address
                0x0000253c      0x26c hpl/sercom/hpl_sercom.o
 .text._i2c_m_sync_init
                0x000027a8       0x34 hpl/sercom/hpl_sercom.o
                0x000027a8                _i2c_m_sync_init
 .text._i2c_m_sync_enable
                0x000027dc       0x7a hpl/sercom/hpl_sercom.o
                0x000027dc                _i2c_m_sync_enable
 *fill*         0x00002856        0x2 
 .text._i2c_m_sync_transfer
                0x00002858      0x284 hpl/sercom/hpl_sercom.o
                0x00002858                _i2c_m_sync_transfer
 .text.tc_interrupt_handler
                0x00002adc       0x16 hpl/tc/hpl_tc.o
 .text._tc_init_irq_param
                0x00002af2       0x32 hpl/tc/hpl_tc.o
 .text.get_tc_index
                0x00002b24       0x52 hpl/tc/hpl_tc.o
 .text._timer_init
                0x00002b76      0x26c hpl/tc/hpl_tc.o
                0x00002b76                _timer_init
 .text._timer_start
                0x00002de2       0x12 hpl/tc/hpl_tc.o
                0x00002de2                _timer_start
 .text._timer_stop
                0x00002df4       0x12 hpl/tc/hpl_tc.o
                0x00002df4                _timer_stop
 .text._timer_is_started
                0x00002e06       0x12 hpl/tc/hpl_tc.o
                0x00002e06                _timer_is_started
 .text._tc_get_timer
                0x00002e18        0x4 hpl/tc/hpl_tc.o
                0x00002e18                _tc_get_timer
 .text._timer_set_irq
                0x00002e1c       0x48 hpl/tc/hpl_tc.o
                0x00002e1c                _timer_set_irq
 .text.TC0_Handler
                0x00002e64       0x18 hpl/tc/hpl_tc.o
                0x00002e64                TC0_Handler
 .text.TC2_Handler
                0x00002e7c       0x18 hpl/tc/hpl_tc.o
                0x00002e7c                TC2_Handler
 .text.USART_0_init
                0x00002e94      0x13c hpl/usart/usart_lite.o
                0x00002e94                USART_0_init
 .text._wdt_init
                0x00002fd0       0x7a hpl/wdt/hpl_wdt.o
                0x00002fd0                _wdt_init
 .text._wdt_set_timeout_period
                0x0000304a      0x122 hpl/wdt/hpl_wdt.o
                0x0000304a                _wdt_set_timeout_period
 .text._wdt_enable
                0x0000316c       0x40 hpl/wdt/hpl_wdt.o
                0x0000316c                _wdt_enable
 .text._wdt_feed
                0x000031ac       0x3a hpl/wdt/hpl_wdt.o
                0x000031ac                _wdt_feed
 .text.TIMER_2_task1_cb
                0x000031e6        0xe main.o
 .text.wdt_feed
                0x000031f4       0x36 main.o
 .text.WDT_config
                0x0000322a       0x86 main.o
                0x0000322a                WDT_config
 .text.TIMER_2_init
                0x000032b0       0x40 main.o
                0x000032b0                TIMER_2_init
 .text.main     0x000032f0      0x990 main.o
                0x000032f0                main
 .text.config_MB
                0x00003c80      0x440 ModBusConfig/ModBusConfig.o
                0x00003c80                config_MB
 .text.eMBRegInputCB
                0x000040c0       0x44 ModBusConfig/ModBusConfig.o
                0x000040c0                eMBRegInputCB
 .text.eMBRegHoldingCB
                0x00004104       0xe4 ModBusConfig/ModBusConfig.o
                0x00004104                eMBRegHoldingCB
 .text.eMBRegCoilsCB
                0x000041e8        0x4 ModBusConfig/ModBusConfig.o
                0x000041e8                eMBRegCoilsCB
 .text.eMBRegDiscreteCB
                0x000041ec        0x4 ModBusConfig/ModBusConfig.o
                0x000041ec                eMBRegDiscreteCB
 .text.sht3x_calcCrc8
                0x000041f0       0x38 sht3x/sht3x.o
                0x000041f0                sht3x_calcCrc8
 .text.sht3x_order_measurement
                0x00004228       0x42 sht3x/sht3x.o
                0x00004228                sht3x_order_measurement
 .text.sht3x_read_measurement
                0x0000426a      0x108 sht3x/sht3x.o
                0x0000426a                sht3x_read_measurement
 *fill*         0x00004372        0x2 
 .text          0x00004374       0x7c c:/program files (x86)/atmel/studio/7.0/toolchain/arm/arm-gnu-toolchain/bin/../lib/gcc/arm-none-eabi/6.3.1/thumb/v8-m.base\libgcc.a(_arm_cmpdf2.o)
                0x00004374                __aeabi_cdrcmple
                0x00004384                __aeabi_cdcmple
                0x00004384                __aeabi_cdcmpeq
                0x00004394                __aeabi_dcmpeq
                0x000043a0                __aeabi_dcmplt
                0x000043b4                __aeabi_dcmple
                0x000043c8                __aeabi_dcmpgt
                0x000043dc                __aeabi_dcmpge
 .text          0x000043f0       0x74 c:/program files (x86)/atmel/studio/7.0/toolchain/arm/arm-gnu-toolchain/bin/../lib/gcc/arm-none-eabi/6.3.1/thumb/v8-m.base\libgcc.a(_arm_cmpsf2.o)
                0x000043f0                __aeabi_cfrcmple
                0x000043f8                __aeabi_cfcmpeq
                0x000043f8                __aeabi_cfcmple
                0x00004408                __aeabi_fcmpeq
                0x00004414                __aeabi_fcmplt
                0x00004428                __aeabi_fcmple
                0x0000443c                __aeabi_fcmpgt
                0x00004450                __aeabi_fcmpge
 .text          0x00004464       0x5c c:/program files (x86)/atmel/studio/7.0/toolchain/arm/arm-gnu-toolchain/bin/../lib/gcc/arm-none-eabi/6.3.1/thumb/v8-m.base\libgcc.a(_muldi3.o)
                0x00004464                __muldi3
                0x00004464                __aeabi_lmul
 .text          0x000044c0       0x30 c:/program files (x86)/atmel/studio/7.0/toolchain/arm/arm-gnu-toolchain/bin/../lib/gcc/arm-none-eabi/6.3.1/thumb/v8-m.base\libgcc.a(_fixunssfsi.o)
                0x000044c0                __fixunssfsi
                0x000044c0                __aeabi_f2uiz
 .text          0x000044f0       0x3c c:/program files (x86)/atmel/studio/7.0/toolchain/arm/arm-gnu-toolchain/bin/../lib/gcc/arm-none-eabi/6.3.1/thumb/v8-m.base\libgcc.a(_fixunsdfsi.o)
                0x000044f0                __aeabi_d2uiz
                0x000044f0                __fixunsdfsi
 .text          0x0000452c      0x318 c:/program files (x86)/atmel/studio/7.0/toolchain/arm/arm-gnu-toolchain/bin/../lib/gcc/arm-none-eabi/6.3.1/thumb/v8-m.base\libgcc.a(addsf3.o)
                0x0000452c                __aeabi_fadd
 .text          0x00004844       0x4c c:/program files (x86)/atmel/studio/7.0/toolchain/arm/arm-gnu-toolchain/bin/../lib/gcc/arm-none-eabi/6.3.1/thumb/v8-m.base\libgcc.a(eqsf2.o)
                0x00004844                __eqsf2
                0x00004844                __nesf2
 .text          0x00004890       0x74 c:/program files (x86)/atmel/studio/7.0/toolchain/arm/arm-gnu-toolchain/bin/../lib/gcc/arm-none-eabi/6.3.1/thumb/v8-m.base\libgcc.a(gesf2.o)
                0x00004890                __gesf2
                0x00004890                __gtsf2
 .text          0x00004904       0x7c c:/program files (x86)/atmel/studio/7.0/toolchain/arm/arm-gnu-toolchain/bin/../lib/gcc/arm-none-eabi/6.3.1/thumb/v8-m.base\libgcc.a(lesf2.o)
                0x00004904                __ltsf2
                0x00004904                __lesf2
 .text          0x00004980      0x258 c:/program files (x86)/atmel/studio/7.0/toolchain/arm/arm-gnu-toolchain/bin/../lib/gcc/arm-none-eabi/6.3.1/thumb/v8-m.base\libgcc.a(mulsf3.o)
                0x00004980                __aeabi_fmul
 .text          0x00004bd8      0x320 c:/program files (x86)/atmel/studio/7.0/toolchain/arm/arm-gnu-toolchain/bin/../lib/gcc/arm-none-eabi/6.3.1/thumb/v8-m.base\libgcc.a(subsf3.o)
                0x00004bd8                __aeabi_fsub
 .text          0x00004ef8       0x3c c:/program files (x86)/atmel/studio/7.0/toolchain/arm/arm-gnu-toolchain/bin/../lib/gcc/arm-none-eabi/6.3.1/thumb/v8-m.base\libgcc.a(fixsfsi.o)
                0x00004ef8                __aeabi_f2iz
 .text          0x00004f34       0xa0 c:/program files (x86)/atmel/studio/7.0/toolchain/arm/arm-gnu-toolchain/bin/../lib/gcc/arm-none-eabi/6.3.1/thumb/v8-m.base\libgcc.a(floatsisf.o)
                0x00004f34                __aeabi_i2f
 .text          0x00004fd4       0x8c c:/program files (x86)/atmel/studio/7.0/toolchain/arm/arm-gnu-toolchain/bin/../lib/gcc/arm-none-eabi/6.3.1/thumb/v8-m.base\libgcc.a(floatunsisf.o)
                0x00004fd4                __aeabi_ui2f
 .text          0x00005060      0x6c0 c:/program files (x86)/atmel/studio/7.0/toolchain/arm/arm-gnu-toolchain/bin/../lib/gcc/arm-none-eabi/6.3.1/thumb/v8-m.base\libgcc.a(adddf3.o)
                0x00005060                __aeabi_dadd
 .text          0x00005720      0x650 c:/program files (x86)/atmel/studio/7.0/toolchain/arm/arm-gnu-toolchain/bin/../lib/gcc/arm-none-eabi/6.3.1/thumb/v8-m.base\libgcc.a(divdf3.o)
                0x00005720                __aeabi_ddiv
 .text          0x00005d70       0x78 c:/program files (x86)/atmel/studio/7.0/toolchain/arm/arm-gnu-toolchain/bin/../lib/gcc/arm-none-eabi/6.3.1/thumb/v8-m.base\libgcc.a(eqdf2.o)
                0x00005d70                __nedf2
                0x00005d70                __eqdf2
 .text          0x00005de8       0xc4 c:/program files (x86)/atmel/studio/7.0/toolchain/arm/arm-gnu-toolchain/bin/../lib/gcc/arm-none-eabi/6.3.1/thumb/v8-m.base\libgcc.a(gedf2.o)
                0x00005de8                __gedf2
                0x00005de8                __gtdf2
 .text          0x00005eac       0xc4 c:/program files (x86)/atmel/studio/7.0/toolchain/arm/arm-gnu-toolchain/bin/../lib/gcc/arm-none-eabi/6.3.1/thumb/v8-m.base\libgcc.a(ledf2.o)
                0x00005eac                __ledf2
                0x00005eac                __ltdf2
 .text          0x00005f70      0x510 c:/program files (x86)/atmel/studio/7.0/toolchain/arm/arm-gnu-toolchain/bin/../lib/gcc/arm-none-eabi/6.3.1/thumb/v8-m.base\libgcc.a(muldf3.o)
                0x00005f70                __aeabi_dmul
 .text          0x00006480      0x698 c:/program files (x86)/atmel/studio/7.0/toolchain/arm/arm-gnu-toolchain/bin/../lib/gcc/arm-none-eabi/6.3.1/thumb/v8-m.base\libgcc.a(subdf3.o)
                0x00006480                __aeabi_dsub
 .text          0x00006b18       0x5c c:/program files (x86)/atmel/studio/7.0/toolchain/arm/arm-gnu-toolchain/bin/../lib/gcc/arm-none-eabi/6.3.1/thumb/v8-m.base\libgcc.a(fixdfsi.o)
                0x00006b18                __aeabi_d2iz
 .text          0x00006b74       0x84 c:/program files (x86)/atmel/studio/7.0/toolchain/arm/arm-gnu-toolchain/bin/../lib/gcc/arm-none-eabi/6.3.1/thumb/v8-m.base\libgcc.a(floatsidf.o)
                0x00006b74                __aeabi_i2d
 .text          0x00006bf8       0xa4 c:/program files (x86)/atmel/studio/7.0/toolchain/arm/arm-gnu-toolchain/bin/../lib/gcc/arm-none-eabi/6.3.1/thumb/v8-m.base\libgcc.a(extendsfdf2.o)
                0x00006bf8                __aeabi_f2d
 .text          0x00006c9c      0x118 c:/program files (x86)/atmel/studio/7.0/toolchain/arm/arm-gnu-toolchain/bin/../lib/gcc/arm-none-eabi/6.3.1/thumb/v8-m.base\libgcc.a(truncdfsf2.o)
                0x00006c9c                __aeabi_d2f
 .text          0x00006db4       0x3c c:/program files (x86)/atmel/studio/7.0/toolchain/arm/arm-gnu-toolchain/bin/../lib/gcc/arm-none-eabi/6.3.1/thumb/v8-m.base\libgcc.a(_clzsi2.o)
                0x00006db4                __clzsi2
 .text.__libc_init_array
                0x00006df0       0x50 c:/program files (x86)/atmel/studio/7.0/toolchain/arm/arm-gnu-toolchain/bin/../lib/gcc/arm-none-eabi/6.3.1/../../../../arm-none-eabi/lib/thumb/v8-m.base\libc_nano.a(lib_a-init.o)
                0x00006df0                __libc_init_array
 .text.memcpy   0x00006e40       0x12 c:/program files (x86)/atmel/studio/7.0/toolchain/arm/arm-gnu-toolchain/bin/../lib/gcc/arm-none-eabi/6.3.1/../../../../arm-none-eabi/lib/thumb/v8-m.base\libc_nano.a(lib_a-memcpy-stub.o)
                0x00006e40                memcpy
 *(.glue_7t)
 .glue_7t       0x00006e52        0x0 linker stubs
 *(.glue_7)
 .glue_7        0x00006e52        0x0 linker stubs
 *(.rodata .rodata* .gnu.linkonce.r.*)
 *fill*         0x00006e52        0x2 
 .rodata.str1.4
                0x00006e54       0x19 driver_init.o
 *fill*         0x00006e6d        0x3 
 .rodata        0x00006e70       0x14 freeModBus/ascii/mbascii.o
 .rodata        0x00006e84      0x200 freeModBus/rtu/mbcrc.o
 .rodata.str1.4
                0x00007084       0x1c hal/src/hal_i2c_m_sync.o
 .rodata.str1.4
                0x000070a0       0x14 hal/src/hal_io.o
 .rodata.str1.4
                0x000070b4       0x17 hal/src/hal_timer.o
 *fill*         0x000070cb        0x1 
 .rodata.str1.4
                0x000070cc       0x1e hal/utils/src/utils_list.o
 *fill*         0x000070ea        0x2 
 .rodata        0x000070ec       0x5d hpl/sercom/hpl_sercom.o
 *fill*         0x00007149        0x3 
 .rodata.str1.4
                0x0000714c       0x1b hpl/sercom/hpl_sercom.o
 *fill*         0x00007167        0x1 
 .rodata        0x00007168       0x30 hpl/tc/hpl_tc.o
 .rodata.str1.4
                0x00007198       0x13 hpl/tc/hpl_tc.o
 *fill*         0x000071ab        0x1 
 .rodata.str1.4
                0x000071ac       0x18 hpl/wdt/hpl_wdt.o
                                 0x15 (size before relaxing)
 .rodata        0x000071c4       0x20 main.o
 .rodata.str1.4
                0x000071e4       0x19 main.o
 .rodata        0x000071e4       0x27 ModBusConfig/ModBusConfig.o
 *fill*         0x0000720b        0x1 
 .rodata        0x0000720c       0x40 c:/program files (x86)/atmel/studio/7.0/toolchain/arm/arm-gnu-toolchain/bin/../lib/gcc/arm-none-eabi/6.3.1/thumb/v8-m.base\libgcc.a(mulsf3.o)
 .rodata        0x0000724c       0x40 c:/program files (x86)/atmel/studio/7.0/toolchain/arm/arm-gnu-toolchain/bin/../lib/gcc/arm-none-eabi/6.3.1/thumb/v8-m.base\libgcc.a(divdf3.o)
 .rodata        0x0000728c       0x40 c:/program files (x86)/atmel/studio/7.0/toolchain/arm/arm-gnu-toolchain/bin/../lib/gcc/arm-none-eabi/6.3.1/thumb/v8-m.base\libgcc.a(muldf3.o)
 *(.ARM.extab* .gnu.linkonce.armextab.*)
                0x000072cc                . = ALIGN (0x4)
 *(.init)
 .init          0x000072cc        0x4 c:/program files (x86)/atmel/studio/7.0/toolchain/arm/arm-gnu-toolchain/bin/../lib/gcc/arm-none-eabi/6.3.1/thumb/v8-m.base/crti.o
                0x000072cc                _init
 .init          0x000072d0        0x8 c:/program files (x86)/atmel/studio/7.0/toolchain/arm/arm-gnu-toolchain/bin/../lib/gcc/arm-none-eabi/6.3.1/thumb/v8-m.base/crtn.o
                0x000072d8                . = ALIGN (0x4)
                0x000072d8                __preinit_array_start = .
 *(.preinit_array)
                0x000072d8                __preinit_array_end = .
                0x000072d8                . = ALIGN (0x4)
                0x000072d8                __init_array_start = .
 *(SORT(.init_array.*))
 *(.init_array)
 .init_array    0x000072d8        0x4 c:/program files (x86)/atmel/studio/7.0/toolchain/arm/arm-gnu-toolchain/bin/../lib/gcc/arm-none-eabi/6.3.1/thumb/v8-m.base/crtbegin.o
                0x000072dc                __init_array_end = .
                0x000072dc                . = ALIGN (0x4)
 *crtbegin.o(.ctors)
 *(EXCLUDE_FILE(*crtend.o) .ctors)
 *(SORT(.ctors.*))
 *crtend.o(.ctors)
                0x000072dc                . = ALIGN (0x4)
 *(.fini)
 .fini          0x000072dc        0x4 c:/program files (x86)/atmel/studio/7.0/toolchain/arm/arm-gnu-toolchain/bin/../lib/gcc/arm-none-eabi/6.3.1/thumb/v8-m.base/crti.o
                0x000072dc                _fini
 .fini          0x000072e0        0x8 c:/program files (x86)/atmel/studio/7.0/toolchain/arm/arm-gnu-toolchain/bin/../lib/gcc/arm-none-eabi/6.3.1/thumb/v8-m.base/crtn.o
                0x000072e8                . = ALIGN (0x4)
                0x000072e8                __fini_array_start = .
 *(.fini_array)
 .fini_array    0x000072e8        0x4 c:/program files (x86)/atmel/studio/7.0/toolchain/arm/arm-gnu-toolchain/bin/../lib/gcc/arm-none-eabi/6.3.1/thumb/v8-m.base/crtbegin.o
 *(SORT(.fini_array.*))
                0x000072ec                __fini_array_end = .
 *crtbegin.o(.dtors)
 *(EXCLUDE_FILE(*crtend.o) .dtors)
 *(SORT(.dtors.*))
 *crtend.o(.dtors)
                0x000072ec                . = ALIGN (0x4)
                0x000072ec                _efixed = .
                [!provide]                PROVIDE (__exidx_start, .)

.vfp11_veneer   0x000072ec        0x0
 .vfp11_veneer  0x000072ec        0x0 linker stubs

.v4_bx          0x000072ec        0x0
 .v4_bx         0x000072ec        0x0 linker stubs

.iplt           0x000072ec        0x0
 .iplt          0x000072ec        0x0 c:/program files (x86)/atmel/studio/7.0/toolchain/arm/arm-gnu-toolchain/bin/../lib/gcc/arm-none-eabi/6.3.1/thumb/v8-m.base/crtbegin.o

.eh_frame       0x000072ec        0x0
 .eh_frame      0x000072ec        0x0 c:/program files (x86)/atmel/studio/7.0/toolchain/arm/arm-gnu-toolchain/bin/../lib/gcc/arm-none-eabi/6.3.1/thumb/v8-m.base/crtbegin.o

.fabricationdatesection
                0x000072ec        0x4
 .fabricationdatesection
                0x000072ec        0x4 main.o
                0x000072ec                fabrication_date

.firmwarerevisionsection
                0x000072f0        0x2
 .firmwarerevisionsection
                0x000072f0        0x2 main.o
                0x000072f0                firmware_revision

.hardwarerevisionsection
                0x000072f4        0x2
 .hardwarerevisionsection
                0x000072f4        0x2 main.o
                0x000072f4                hardware_revision

.partnumbersection
                0x000072f8        0xa
 .partnumbersection
                0x000072f8        0xa main.o
                0x000072f8                part_number

.serialnumbersection
                0x00007304        0xf
 .serialnumbersection
                0x00007304        0xf main.o
                0x00007304                serial_number

.rel.dyn        0x00007314        0x0
 .rel.iplt      0x00007314        0x0 c:/program files (x86)/atmel/studio/7.0/toolchain/arm/arm-gnu-toolchain/bin/../lib/gcc/arm-none-eabi/6.3.1/thumb/v8-m.base/crtbegin.o

.jcr            0x00007314        0x0
 .jcr           0x00007314        0x0 c:/program files (x86)/atmel/studio/7.0/toolchain/arm/arm-gnu-toolchain/bin/../lib/gcc/arm-none-eabi/6.3.1/thumb/v8-m.base/crtbegin.o

.igot.plt       0x00007314        0x0
 .igot.plt      0x00007314        0x0 c:/program files (x86)/atmel/studio/7.0/toolchain/arm/arm-gnu-toolchain/bin/../lib/gcc/arm-none-eabi/6.3.1/thumb/v8-m.base/crtbegin.o

.ARM.exidx
 *(.ARM.exidx* .gnu.linkonce.armexidx.*)
                [!provide]                PROVIDE (__exidx_end, .)
                0x00007314                . = ALIGN (0x4)
                0x00007314                _etext = .

.relocate       0x20000000       0xb4 load address 0x00007314
                0x20000000                . = ALIGN (0x4)
                0x20000000                _srelocate = .
 *(.ramfunc .ramfunc.*)
 *(.data .data.*)
 .data          0x20000000       0x84 freeModBus/mb.o
 .data          0x20000084        0x4 main.o
                0x20000084                Contador_Modbus
                0x20000086                measurementNumberBeginingOffset
                0x20000087                maxPointQty
 .data          0x20000088       0x2c ModBusConfig/ModBusConfig.o
                0x20000088                usRegHoldingBuf
                0x200000b0                usRegInputStart
                0x200000b2                usRegHoldingStart
                0x200000b4                . = ALIGN (0x4)
                0x200000b4                _erelocate = .

.bss            0x200000b8      0x42c load address 0x000073d0
                0x200000b8                . = ALIGN (0x4)
                0x200000b8                _sbss = .
                0x200000b8                _szero = .
 *(.bss .bss.*)
 .bss           0x200000b8       0x1c c:/program files (x86)/atmel/studio/7.0/toolchain/arm/arm-gnu-toolchain/bin/../lib/gcc/arm-none-eabi/6.3.1/thumb/v8-m.base/crtbegin.o
 .bss           0x200000d4        0xd freeModBus/ascii/mbascii.o
 *fill*         0x200000e1        0x3 
 .bss           0x200000e4       0x22 freeModBus/functions/mbfuncother.o
 *fill*         0x20000106        0x2 
 .bss           0x20000108       0x23 freeModBus/mb.o
 .bss           0x2000012b        0x2 freeModBus/port/portevent.o
 *fill*         0x2000012d        0x3 
 .bss           0x20000130        0xb freeModBus/rtu/mbrtu.o
 *fill*         0x2000013b        0x1 
 .bss           0x2000013c        0x4 hal/src/hal_delay.o
 .bss           0x20000140        0x8 hpl/tc/hpl_tc.o
 .bss           0x20000148       0x52 main.o
                0x20000148                take_measurement
                0x20000160                MB_ENOERR_counter
                0x20000162                MB_ENOREG_counter
                0x20000164                MB_EINVAL_counter
                0x20000166                MB_EPORTERR_counter
                0x20000168                MB_ENORES_counter
                0x2000016a                MB_EIO_counter
                0x2000016c                MB_EILLSTATE_counter
                0x2000016e                MB_ETIMEDOUT_counter
                0x20000170                sensorStatus
                0x20000171                Cont_Status_SHt35
                0x20000172                Flag_Sht35
                0x20000173                Flag_Rec
                0x20000178                Umidade_Compara
                0x20000180                Umidade_Contador
                0x20000188                Temperatura_Compara
                0x20000190                Temperatura_Contador
                0x20000191                measurementNumber
                0x20000192                Contador_loop_int
                0x20000194                Contador_Watchd_int
                0x20000196                Flag_Temp_Umd_travado
                0x20000197                Flag_Rec_Ativo
                0x20000198                Flag_teste
                0x20000199                contador_erro
 *fill*         0x2000019a        0x2 
 .bss           0x2000019c       0x6e ModBusConfig/ModBusConfig.o
                0x2000019c                usRegInputBuf
 *(COMMON)
 *fill*         0x2000020a        0x2 
 COMMON         0x2000020c       0x74 driver_init.o
                0x2000020c                TIMER_2
                0x20000228                WDT_0
                0x2000022c                SPI_0
                0x20000244                I2C_0
                0x20000264                TIMER_0
 COMMON         0x20000280       0x80 eepromEmulator/eepromEmulator.o
                0x20000280                mbConfig2
                0x200002c0                mbConfig
 COMMON         0x20000300       0x14 freeModBus/mb.o
                0x20000300                pxMBFrameCBTransmitterEmpty
                0x20000304                pxMBPortCBTimerExpired
                0x20000308                pxMBFrameCBByteReceived
                0x2000030c                pxMBFrameCBTransmitFSMCur
                0x20000310                pxMBFrameCBReceiveFSMCur
 COMMON         0x20000314       0x14 freeModBus/port/porttimer.o
                0x20000314                TIMER_0_task1
 COMMON         0x20000328      0x100 freeModBus/rtu/mbrtu.o
                0x20000328                ucRTUBuf
 COMMON         0x20000428       0xbc main.o
                0x20000428                temperatureMovingAverage
                0x20000440                humidityA
                0x20000448                dewpointMovingAverage
                0x20000460                mb_status
                0x20000464                temperatureC
                0x20000468                measured_temperature
                0x20000470                humidityMovingAverage
                0x20000488                measured_humidity
                0x20000490                humidity
                0x20000498                measured_dewpoint
                0x200004a0                adjustedHumidity
                0x200004a8                adjustedDewpoint
                0x200004b0                I2C_io
                0x200004b8                adjustedTemperature
                0x200004c0                temperatureB
                0x200004c4                humidityB
                0x200004c8                spi_buffer
                0x200004cc                temperatureF
                0x200004d0                SPI_io
                0x200004d4                i2c_buffer
                0x200004dc                temperatureK
                0x200004e0                temperatureA
                0x200004e4                . = ALIGN (0x4)
                0x200004e4                _ebss = .
                0x200004e4                _ezero = .

.heap           0x200004e4      0x204 load address 0x000077fc
                0x200004e8                . = ALIGN (0x8)
 *fill*         0x200004e4        0x4 
                0x200004e8                _sheap = .
                0x200006e8                . = (. + HEAP_SIZE)
 *fill*         0x200004e8      0x200 
                0x200006e8                . = ALIGN (0x8)
                0x200006e8                _eheap = .

.stack          0x200006e8      0x400 load address 0x00007a00
                0x200006e8                . = ALIGN (0x8)
                0x200006e8                _sstack = .
                0x20000ae8                . = (. + STACK_SIZE)
 *fill*         0x200006e8      0x400 
                0x20000ae8                . = ALIGN (0x8)
                0x20000ae8                _estack = .
                0x20000ae8                . = ALIGN (0x4)
                0x20000ae8                _end = .
                0x20003fff                _ram_end_ = ((ORIGIN (ram) + LENGTH (ram)) - 0x1)
OUTPUT(SAML10E16A_project.elf elf32-littlearm)

.ARM.attributes
                0x00000000       0x2c
 .ARM.attributes
                0x00000000       0x22 c:/program files (x86)/atmel/studio/7.0/toolchain/arm/arm-gnu-toolchain/bin/../lib/gcc/arm-none-eabi/6.3.1/thumb/v8-m.base/crti.o
 .ARM.attributes
                0x00000022       0x30 c:/program files (x86)/atmel/studio/7.0/toolchain/arm/arm-gnu-toolchain/bin/../lib/gcc/arm-none-eabi/6.3.1/thumb/v8-m.base/crtbegin.o
 .ARM.attributes
                0x00000052       0x32 atmel_start.o
 .ARM.attributes
                0x00000084       0x32 Device_Startup/startup_saml10e16a.o
 .ARM.attributes
                0x000000b6       0x32 driver_init.o
 .ARM.attributes
                0x000000e8       0x32 eepromEmulator/eepromEmulator.o
 .ARM.attributes
                0x0000011a       0x32 freeModBus/ascii/mbascii.o
 .ARM.attributes
                0x0000014c       0x32 freeModBus/functions/mbfunccoils.o
 .ARM.attributes
                0x0000017e       0x32 freeModBus/functions/mbfuncdisc.o
 .ARM.attributes
                0x000001b0       0x32 freeModBus/functions/mbfuncholding.o
 .ARM.attributes
                0x000001e2       0x32 freeModBus/functions/mbfuncinput.o
 .ARM.attributes
                0x00000214       0x32 freeModBus/functions/mbfuncother.o
 .ARM.attributes
                0x00000246       0x32 freeModBus/functions/mbutils.o
 .ARM.attributes
                0x00000278       0x32 freeModBus/mb.o
 .ARM.attributes
                0x000002aa       0x32 freeModBus/port/portevent.o
 .ARM.attributes
                0x000002dc       0x32 freeModBus/port/portserial.o
 .ARM.attributes
                0x0000030e       0x32 freeModBus/port/porttimer.o
 .ARM.attributes
                0x00000340       0x32 freeModBus/rtu/mbcrc.o
 .ARM.attributes
                0x00000372       0x32 freeModBus/rtu/mbrtu.o
 .ARM.attributes
                0x000003a4       0x32 hal/src/hal_atomic.o
 .ARM.attributes
                0x000003d6       0x32 hal/src/hal_delay.o
 .ARM.attributes
                0x00000408       0x32 hal/src/hal_i2c_m_sync.o
 .ARM.attributes
                0x0000043a       0x32 hal/src/hal_io.o
 .ARM.attributes
                0x0000046c       0x32 hal/src/hal_timer.o
 .ARM.attributes
                0x0000049e       0x32 hal/utils/src/utils_assert.o
 .ARM.attributes
                0x000004d0       0x32 hal/utils/src/utils_list.o
 .ARM.attributes
                0x00000502       0x32 hpl/core/hpl_core_m23_base.o
 .ARM.attributes
                0x00000534       0x32 hpl/core/hpl_init.o
 .ARM.attributes
                0x00000566       0x32 hpl/gclk/hpl_gclk.o
 .ARM.attributes
                0x00000598       0x32 hpl/mclk/hpl_mclk.o
 .ARM.attributes
                0x000005ca       0x32 hpl/nvmctrl/nvmctrl_lite.o
 .ARM.attributes
                0x000005fc       0x32 hpl/osc32kctrl/hpl_osc32kctrl.o
 .ARM.attributes
                0x0000062e       0x32 hpl/oscctrl/hpl_oscctrl.o
 .ARM.attributes
                0x00000660       0x32 hpl/pm/hpl_pm.o
 .ARM.attributes
                0x00000692       0x32 hpl/sercom/hpl_sercom.o
 .ARM.attributes
                0x000006c4       0x32 hpl/tc/hpl_tc.o
 .ARM.attributes
                0x000006f6       0x32 hpl/usart/usart_lite.o
 .ARM.attributes
                0x00000728       0x32 hpl/wdt/hpl_wdt.o
 .ARM.attributes
                0x0000075a       0x32 main.o
 .ARM.attributes
                0x0000078c       0x32 ModBusConfig/ModBusConfig.o
 .ARM.attributes
                0x000007be       0x32 sht3x/sht3x.o
 .ARM.attributes
                0x000007f0       0x22 c:/program files (x86)/atmel/studio/7.0/toolchain/arm/arm-gnu-toolchain/bin/../lib/gcc/arm-none-eabi/6.3.1/thumb/v8-m.base\libgcc.a(_arm_cmpdf2.o)
 .ARM.attributes
                0x00000812       0x22 c:/program files (x86)/atmel/studio/7.0/toolchain/arm/arm-gnu-toolchain/bin/../lib/gcc/arm-none-eabi/6.3.1/thumb/v8-m.base\libgcc.a(_arm_cmpsf2.o)
 .ARM.attributes
                0x00000834       0x30 c:/program files (x86)/atmel/studio/7.0/toolchain/arm/arm-gnu-toolchain/bin/../lib/gcc/arm-none-eabi/6.3.1/thumb/v8-m.base\libgcc.a(_muldi3.o)
 .ARM.attributes
                0x00000864       0x30 c:/program files (x86)/atmel/studio/7.0/toolchain/arm/arm-gnu-toolchain/bin/../lib/gcc/arm-none-eabi/6.3.1/thumb/v8-m.base\libgcc.a(_fixunssfsi.o)
 .ARM.attributes
                0x00000894       0x30 c:/program files (x86)/atmel/studio/7.0/toolchain/arm/arm-gnu-toolchain/bin/../lib/gcc/arm-none-eabi/6.3.1/thumb/v8-m.base\libgcc.a(_fixunsdfsi.o)
 .ARM.attributes
                0x000008c4       0x30 c:/program files (x86)/atmel/studio/7.0/toolchain/arm/arm-gnu-toolchain/bin/../lib/gcc/arm-none-eabi/6.3.1/thumb/v8-m.base\libgcc.a(addsf3.o)
 .ARM.attributes
                0x000008f4       0x30 c:/program files (x86)/atmel/studio/7.0/toolchain/arm/arm-gnu-toolchain/bin/../lib/gcc/arm-none-eabi/6.3.1/thumb/v8-m.base\libgcc.a(eqsf2.o)
 .ARM.attributes
                0x00000924       0x30 c:/program files (x86)/atmel/studio/7.0/toolchain/arm/arm-gnu-toolchain/bin/../lib/gcc/arm-none-eabi/6.3.1/thumb/v8-m.base\libgcc.a(gesf2.o)
 .ARM.attributes
                0x00000954       0x30 c:/program files (x86)/atmel/studio/7.0/toolchain/arm/arm-gnu-toolchain/bin/../lib/gcc/arm-none-eabi/6.3.1/thumb/v8-m.base\libgcc.a(lesf2.o)
 .ARM.attributes
                0x00000984       0x30 c:/program files (x86)/atmel/studio/7.0/toolchain/arm/arm-gnu-toolchain/bin/../lib/gcc/arm-none-eabi/6.3.1/thumb/v8-m.base\libgcc.a(mulsf3.o)
 .ARM.attributes
                0x000009b4       0x30 c:/program files (x86)/atmel/studio/7.0/toolchain/arm/arm-gnu-toolchain/bin/../lib/gcc/arm-none-eabi/6.3.1/thumb/v8-m.base\libgcc.a(subsf3.o)
 .ARM.attributes
                0x000009e4       0x30 c:/program files (x86)/atmel/studio/7.0/toolchain/arm/arm-gnu-toolchain/bin/../lib/gcc/arm-none-eabi/6.3.1/thumb/v8-m.base\libgcc.a(fixsfsi.o)
 .ARM.attributes
                0x00000a14       0x30 c:/program files (x86)/atmel/studio/7.0/toolchain/arm/arm-gnu-toolchain/bin/../lib/gcc/arm-none-eabi/6.3.1/thumb/v8-m.base\libgcc.a(floatsisf.o)
 .ARM.attributes
                0x00000a44       0x30 c:/program files (x86)/atmel/studio/7.0/toolchain/arm/arm-gnu-toolchain/bin/../lib/gcc/arm-none-eabi/6.3.1/thumb/v8-m.base\libgcc.a(floatunsisf.o)
 .ARM.attributes
                0x00000a74       0x30 c:/program files (x86)/atmel/studio/7.0/toolchain/arm/arm-gnu-toolchain/bin/../lib/gcc/arm-none-eabi/6.3.1/thumb/v8-m.base\libgcc.a(adddf3.o)
 .ARM.attributes
                0x00000aa4       0x30 c:/program files (x86)/atmel/studio/7.0/toolchain/arm/arm-gnu-toolchain/bin/../lib/gcc/arm-none-eabi/6.3.1/thumb/v8-m.base\libgcc.a(divdf3.o)
 .ARM.attributes
                0x00000ad4       0x30 c:/program files (x86)/atmel/studio/7.0/toolchain/arm/arm-gnu-toolchain/bin/../lib/gcc/arm-none-eabi/6.3.1/thumb/v8-m.base\libgcc.a(eqdf2.o)
 .ARM.attributes
                0x00000b04       0x30 c:/program files (x86)/atmel/studio/7.0/toolchain/arm/arm-gnu-toolchain/bin/../lib/gcc/arm-none-eabi/6.3.1/thumb/v8-m.base\libgcc.a(gedf2.o)
 .ARM.attributes
                0x00000b34       0x30 c:/program files (x86)/atmel/studio/7.0/toolchain/arm/arm-gnu-toolchain/bin/../lib/gcc/arm-none-eabi/6.3.1/thumb/v8-m.base\libgcc.a(ledf2.o)
 .ARM.attributes
                0x00000b64       0x30 c:/program files (x86)/atmel/studio/7.0/toolchain/arm/arm-gnu-toolchain/bin/../lib/gcc/arm-none-eabi/6.3.1/thumb/v8-m.base\libgcc.a(muldf3.o)
 .ARM.attributes
                0x00000b94       0x30 c:/program files (x86)/atmel/studio/7.0/toolchain/arm/arm-gnu-toolchain/bin/../lib/gcc/arm-none-eabi/6.3.1/thumb/v8-m.base\libgcc.a(subdf3.o)
 .ARM.attributes
                0x00000bc4       0x30 c:/program files (x86)/atmel/studio/7.0/toolchain/arm/arm-gnu-toolchain/bin/../lib/gcc/arm-none-eabi/6.3.1/thumb/v8-m.base\libgcc.a(fixdfsi.o)
 .ARM.attributes
                0x00000bf4       0x30 c:/program files (x86)/atmel/studio/7.0/toolchain/arm/arm-gnu-toolchain/bin/../lib/gcc/arm-none-eabi/6.3.1/thumb/v8-m.base\libgcc.a(floatsidf.o)
 .ARM.attributes
                0x00000c24       0x30 c:/program files (x86)/atmel/studio/7.0/toolchain/arm/arm-gnu-toolchain/bin/../lib/gcc/arm-none-eabi/6.3.1/thumb/v8-m.base\libgcc.a(extendsfdf2.o)
 .ARM.attributes
                0x00000c54       0x30 c:/program files (x86)/atmel/studio/7.0/toolchain/arm/arm-gnu-toolchain/bin/../lib/gcc/arm-none-eabi/6.3.1/thumb/v8-m.base\libgcc.a(truncdfsf2.o)
 .ARM.attributes
                0x00000c84       0x22 c:/program files (x86)/atmel/studio/7.0/toolchain/arm/arm-gnu-toolchain/bin/../lib/gcc/arm-none-eabi/6.3.1/thumb/v8-m.base\libgcc.a(_clzsi2.o)
 .ARM.attributes
                0x00000ca6       0x30 c:/program files (x86)/atmel/studio/7.0/toolchain/arm/arm-gnu-toolchain/bin/../lib/gcc/arm-none-eabi/6.3.1/../../../../arm-none-eabi/lib/thumb/v8-m.base\libc_nano.a(lib_a-init.o)
 .ARM.attributes
                0x00000cd6       0x30 c:/program files (x86)/atmel/studio/7.0/toolchain/arm/arm-gnu-toolchain/bin/../lib/gcc/arm-none-eabi/6.3.1/../../../../arm-none-eabi/lib/thumb/v8-m.base\libc_nano.a(lib_a-memcpy-stub.o)
 .ARM.attributes
                0x00000d06       0x22 c:/program files (x86)/atmel/studio/7.0/toolchain/arm/arm-gnu-toolchain/bin/../lib/gcc/arm-none-eabi/6.3.1/thumb/v8-m.base/crtn.o

.comment        0x00000000       0x59
 .comment       0x00000000       0x59 atmel_start.o
                                 0x5a (size before relaxing)
 .comment       0x00000059       0x5a Device_Startup/startup_saml10e16a.o
 .comment       0x00000059       0x5a driver_init.o
 .comment       0x00000059       0x5a eepromEmulator/eepromEmulator.o
 .comment       0x00000059       0x5a freeModBus/ascii/mbascii.o
 .comment       0x00000059       0x5a freeModBus/functions/mbfunccoils.o
 .comment       0x00000059       0x5a freeModBus/functions/mbfuncdisc.o
 .comment       0x00000059       0x5a freeModBus/functions/mbfuncholding.o
 .comment       0x00000059       0x5a freeModBus/functions/mbfuncinput.o
 .comment       0x00000059       0x5a freeModBus/functions/mbfuncother.o
 .comment       0x00000059       0x5a freeModBus/functions/mbutils.o
 .comment       0x00000059       0x5a freeModBus/mb.o
 .comment       0x00000059       0x5a freeModBus/port/portevent.o
 .comment       0x00000059       0x5a freeModBus/port/portserial.o
 .comment       0x00000059       0x5a freeModBus/port/porttimer.o
 .comment       0x00000059       0x5a freeModBus/rtu/mbcrc.o
 .comment       0x00000059       0x5a freeModBus/rtu/mbrtu.o
 .comment       0x00000059       0x5a hal/src/hal_atomic.o
 .comment       0x00000059       0x5a hal/src/hal_delay.o
 .comment       0x00000059       0x5a hal/src/hal_i2c_m_sync.o
 .comment       0x00000059       0x5a hal/src/hal_io.o
 .comment       0x00000059       0x5a hal/src/hal_timer.o
 .comment       0x00000059       0x5a hal/utils/src/utils_assert.o
 .comment       0x00000059       0x5a hal/utils/src/utils_list.o
 .comment       0x00000059       0x5a hpl/core/hpl_core_m23_base.o
 .comment       0x00000059       0x5a hpl/core/hpl_init.o
 .comment       0x00000059       0x5a hpl/gclk/hpl_gclk.o
 .comment       0x00000059       0x5a hpl/mclk/hpl_mclk.o
 .comment       0x00000059       0x5a hpl/nvmctrl/nvmctrl_lite.o
 .comment       0x00000059       0x5a hpl/osc32kctrl/hpl_osc32kctrl.o
 .comment       0x00000059       0x5a hpl/oscctrl/hpl_oscctrl.o
 .comment       0x00000059       0x5a hpl/pm/hpl_pm.o
 .comment       0x00000059       0x5a hpl/sercom/hpl_sercom.o
 .comment       0x00000059       0x5a hpl/tc/hpl_tc.o
 .comment       0x00000059       0x5a hpl/usart/usart_lite.o
 .comment       0x00000059       0x5a hpl/wdt/hpl_wdt.o
 .comment       0x00000059       0x5a main.o
 .comment       0x00000059       0x5a ModBusConfig/ModBusConfig.o
 .comment       0x00000059       0x5a sht3x/sht3x.o

.debug_info     0x00000000    0x3373a
 .debug_info    0x00000000      0x4ca atmel_start.o
 .debug_info    0x000004ca      0x5f8 Device_Startup/startup_saml10e16a.o
 .debug_info    0x00000ac2     0x61bd driver_init.o
 .debug_info    0x00006c7f     0x1b8d eepromEmulator/eepromEmulator.o
 .debug_info    0x0000880c     0x126f freeModBus/ascii/mbascii.o
 .debug_info    0x00009a7b      0xd2e freeModBus/functions/mbfunccoils.o
 .debug_info    0x0000a7a9      0xba4 freeModBus/functions/mbfuncdisc.o
 .debug_info    0x0000b34d      0xdf9 freeModBus/functions/mbfuncholding.o
 .debug_info    0x0000c146      0xb9b freeModBus/functions/mbfuncinput.o
 .debug_info    0x0000cce1      0xc0d freeModBus/functions/mbfuncother.o
 .debug_info    0x0000d8ee      0xc2f freeModBus/functions/mbutils.o
 .debug_info    0x0000e51d     0x10c0 freeModBus/mb.o
 .debug_info    0x0000f5dd      0x1d3 freeModBus/port/portevent.o
 .debug_info    0x0000f7b0     0x3ce7 freeModBus/port/portserial.o
 .debug_info    0x00013497     0x1975 freeModBus/port/porttimer.o
 .debug_info    0x00014e0c      0x17d freeModBus/rtu/mbcrc.o
 .debug_info    0x00014f89     0x11d6 freeModBus/rtu/mbrtu.o
 .debug_info    0x0001615f      0x1d1 hal/src/hal_atomic.o
 .debug_info    0x00016330      0x1dc hal/src/hal_delay.o
 .debug_info    0x0001650c      0x878 hal/src/hal_i2c_m_sync.o
 .debug_info    0x00016d84      0x2b2 hal/src/hal_io.o
 .debug_info    0x00017036      0xb91 hal/src/hal_timer.o
 .debug_info    0x00017bc7      0x107 hal/utils/src/utils_assert.o
 .debug_info    0x00017cce      0x314 hal/utils/src/utils_list.o
 .debug_info    0x00017fe2      0x8f2 hpl/core/hpl_core_m23_base.o
 .debug_info    0x000188d4      0xc29 hpl/core/hpl_init.o
 .debug_info    0x000194fd      0x5d5 hpl/gclk/hpl_gclk.o
 .debug_info    0x00019ad2      0x6fa hpl/mclk/hpl_mclk.o
 .debug_info    0x0001a1cc     0x1012 hpl/nvmctrl/nvmctrl_lite.o
 .debug_info    0x0001b1de      0x6d7 hpl/osc32kctrl/hpl_osc32kctrl.o
 .debug_info    0x0001b8b5      0xf09 hpl/oscctrl/hpl_oscctrl.o
 .debug_info    0x0001c7be      0x785 hpl/pm/hpl_pm.o
 .debug_info    0x0001cf43     0xb5dd hpl/sercom/hpl_sercom.o
 .debug_info    0x00028520     0x2bf6 hpl/tc/hpl_tc.o
 .debug_info    0x0002b116     0x270b hpl/usart/usart_lite.o
 .debug_info    0x0002d821      0xd01 hpl/wdt/hpl_wdt.o
 .debug_info    0x0002e522     0x2685 main.o
 .debug_info    0x00030ba7     0x1aa0 ModBusConfig/ModBusConfig.o
 .debug_info    0x00032647     0x10f3 sht3x/sht3x.o

.debug_abbrev   0x00000000     0x5ae7
 .debug_abbrev  0x00000000       0xf3 atmel_start.o
 .debug_abbrev  0x000000f3      0x142 Device_Startup/startup_saml10e16a.o
 .debug_abbrev  0x00000235      0x386 driver_init.o
 .debug_abbrev  0x000005bb      0x29f eepromEmulator/eepromEmulator.o
 .debug_abbrev  0x0000085a      0x2c3 freeModBus/ascii/mbascii.o
 .debug_abbrev  0x00000b1d      0x228 freeModBus/functions/mbfunccoils.o
 .debug_abbrev  0x00000d45      0x219 freeModBus/functions/mbfuncdisc.o
 .debug_abbrev  0x00000f5e      0x219 freeModBus/functions/mbfuncholding.o
 .debug_abbrev  0x00001177      0x219 freeModBus/functions/mbfuncinput.o
 .debug_abbrev  0x00001390      0x205 freeModBus/functions/mbfuncother.o
 .debug_abbrev  0x00001595      0x214 freeModBus/functions/mbutils.o
 .debug_abbrev  0x000017a9      0x2e5 freeModBus/mb.o
 .debug_abbrev  0x00001a8e       0xda freeModBus/port/portevent.o
 .debug_abbrev  0x00001b68      0x471 freeModBus/port/portserial.o
 .debug_abbrev  0x00001fd9      0x2f3 freeModBus/port/porttimer.o
 .debug_abbrev  0x000022cc       0xb8 freeModBus/rtu/mbcrc.o
 .debug_abbrev  0x00002384      0x2d1 freeModBus/rtu/mbrtu.o
 .debug_abbrev  0x00002655      0x144 hal/src/hal_atomic.o
 .debug_abbrev  0x00002799       0xe1 hal/src/hal_delay.o
 .debug_abbrev  0x0000287a      0x1a6 hal/src/hal_i2c_m_sync.o
 .debug_abbrev  0x00002a20      0x115 hal/src/hal_io.o
 .debug_abbrev  0x00002b35      0x221 hal/src/hal_timer.o
 .debug_abbrev  0x00002d56       0x86 hal/utils/src/utils_assert.o
 .debug_abbrev  0x00002ddc      0x152 hal/utils/src/utils_list.o
 .debug_abbrev  0x00002f2e      0x28f hpl/core/hpl_core_m23_base.o
 .debug_abbrev  0x000031bd      0x1d9 hpl/core/hpl_init.o
 .debug_abbrev  0x00003396      0x195 hpl/gclk/hpl_gclk.o
 .debug_abbrev  0x0000352b      0x197 hpl/mclk/hpl_mclk.o
 .debug_abbrev  0x000036c2      0x30d hpl/nvmctrl/nvmctrl_lite.o
 .debug_abbrev  0x000039cf      0x1e3 hpl/osc32kctrl/hpl_osc32kctrl.o
 .debug_abbrev  0x00003bb2      0x1dc hpl/oscctrl/hpl_oscctrl.o
 .debug_abbrev  0x00003d8e      0x238 hpl/pm/hpl_pm.o
 .debug_abbrev  0x00003fc6      0x5c7 hpl/sercom/hpl_sercom.o
 .debug_abbrev  0x0000458d      0x4e7 hpl/tc/hpl_tc.o
 .debug_abbrev  0x00004a74      0x288 hpl/usart/usart_lite.o
 .debug_abbrev  0x00004cfc      0x349 hpl/wdt/hpl_wdt.o
 .debug_abbrev  0x00005045      0x455 main.o
 .debug_abbrev  0x0000549a      0x3d4 ModBusConfig/ModBusConfig.o
 .debug_abbrev  0x0000586e      0x279 sht3x/sht3x.o

.debug_loc      0x00000000    0x104e9
 .debug_loc     0x00000000       0x20 atmel_start.o
 .debug_loc     0x00000020       0x78 Device_Startup/startup_saml10e16a.o
 .debug_loc     0x00000098      0xd75 driver_init.o
 .debug_loc     0x00000e0d       0xe2 eepromEmulator/eepromEmulator.o
 .debug_loc     0x00000eef      0x5d8 freeModBus/ascii/mbascii.o
 .debug_loc     0x000014c7      0x4f8 freeModBus/functions/mbfunccoils.o
 .debug_loc     0x000019bf      0x1d5 freeModBus/functions/mbfuncdisc.o
 .debug_loc     0x00001b94      0x6e7 freeModBus/functions/mbfuncholding.o
 .debug_loc     0x0000227b      0x17c freeModBus/functions/mbfuncinput.o
 .debug_loc     0x000023f7      0x1c5 freeModBus/functions/mbfuncother.o
 .debug_loc     0x000025bc      0x396 freeModBus/functions/mbutils.o
 .debug_loc     0x00002952      0x49d freeModBus/mb.o
 .debug_loc     0x00002def       0x79 freeModBus/port/portevent.o
 .debug_loc     0x00002e68      0x93a freeModBus/port/portserial.o
 .debug_loc     0x000037a2      0x156 freeModBus/port/porttimer.o
 .debug_loc     0x000038f8       0xdd freeModBus/rtu/mbcrc.o
 .debug_loc     0x000039d5      0x52f freeModBus/rtu/mbrtu.o
 .debug_loc     0x00003f04       0x13 hal/src/hal_atomic.o
 .debug_loc     0x00003f17       0xc3 hal/src/hal_delay.o
 .debug_loc     0x00003fda      0x6f5 hal/src/hal_i2c_m_sync.o
 .debug_loc     0x000046cf      0x1b6 hal/src/hal_io.o
 .debug_loc     0x00004885      0x767 hal/src/hal_timer.o
 .debug_loc     0x00004fec      0x213 hal/utils/src/utils_list.o
 .debug_loc     0x000051ff      0x27d hpl/core/hpl_core_m23_base.o
 .debug_loc     0x0000547c       0x4c hpl/core/hpl_init.o
 .debug_loc     0x000054c8      0x153 hpl/gclk/hpl_gclk.o
 .debug_loc     0x0000561b       0x2c hpl/mclk/hpl_mclk.o
 .debug_loc     0x00005647      0x4c0 hpl/nvmctrl/nvmctrl_lite.o
 .debug_loc     0x00005b07       0xa5 hpl/osc32kctrl/hpl_osc32kctrl.o
 .debug_loc     0x00005bac       0x30 hpl/oscctrl/hpl_oscctrl.o
 .debug_loc     0x00005bdc      0x1a5 hpl/pm/hpl_pm.o
 .debug_loc     0x00005d81     0x80d5 hpl/sercom/hpl_sercom.o
 .debug_loc     0x0000de56      0xc30 hpl/tc/hpl_tc.o
 .debug_loc     0x0000ea86      0x3c5 hpl/usart/usart_lite.o
 .debug_loc     0x0000ee4b      0x960 hpl/wdt/hpl_wdt.o
 .debug_loc     0x0000f7ab      0x21a main.o
 .debug_loc     0x0000f9c5      0x7ea ModBusConfig/ModBusConfig.o
 .debug_loc     0x000101af      0x33a sht3x/sht3x.o

.debug_aranges  0x00000000      0xea0
 .debug_aranges
                0x00000000       0x20 atmel_start.o
 .debug_aranges
                0x00000020       0x28 Device_Startup/startup_saml10e16a.o
 .debug_aranges
                0x00000048       0x70 driver_init.o
 .debug_aranges
                0x000000b8       0x38 eepromEmulator/eepromEmulator.o
 .debug_aranges
                0x000000f0       0x70 freeModBus/ascii/mbascii.o
 .debug_aranges
                0x00000160       0x30 freeModBus/functions/mbfunccoils.o
 .debug_aranges
                0x00000190       0x20 freeModBus/functions/mbfuncdisc.o
 .debug_aranges
                0x000001b0       0x38 freeModBus/functions/mbfuncholding.o
 .debug_aranges
                0x000001e8       0x20 freeModBus/functions/mbfuncinput.o
 .debug_aranges
                0x00000208       0x28 freeModBus/functions/mbfuncother.o
 .debug_aranges
                0x00000230       0x30 freeModBus/functions/mbutils.o
 .debug_aranges
                0x00000260       0x48 freeModBus/mb.o
 .debug_aranges
                0x000002a8       0x30 freeModBus/port/portevent.o
 .debug_aranges
                0x000002d8       0x78 freeModBus/port/portserial.o
 .debug_aranges
                0x00000350       0x40 freeModBus/port/porttimer.o
 .debug_aranges
                0x00000390       0x20 freeModBus/rtu/mbcrc.o
 .debug_aranges
                0x000003b0       0x58 freeModBus/rtu/mbrtu.o
 .debug_aranges
                0x00000408       0x30 hal/src/hal_atomic.o
 .debug_aranges
                0x00000438       0x38 hal/src/hal_delay.o
 .debug_aranges
                0x00000470       0x88 hal/src/hal_i2c_m_sync.o
 .debug_aranges
                0x000004f8       0x30 hal/src/hal_io.o
 .debug_aranges
                0x00000528       0x70 hal/src/hal_timer.o
 .debug_aranges
                0x00000598       0x20 hal/utils/src/utils_assert.o
 .debug_aranges
                0x000005b8       0x48 hal/utils/src/utils_list.o
 .debug_aranges
                0x00000600       0x80 hpl/core/hpl_core_m23_base.o
 .debug_aranges
                0x00000680       0x20 hpl/core/hpl_init.o
 .debug_aranges
                0x000006a0       0x28 hpl/gclk/hpl_gclk.o
 .debug_aranges
                0x000006c8       0x20 hpl/mclk/hpl_mclk.o
 .debug_aranges
                0x000006e8       0x48 hpl/nvmctrl/nvmctrl_lite.o
 .debug_aranges
                0x00000730       0x20 hpl/osc32kctrl/hpl_osc32kctrl.o
 .debug_aranges
                0x00000750       0x28 hpl/oscctrl/hpl_oscctrl.o
 .debug_aranges
                0x00000778       0x30 hpl/pm/hpl_pm.o
 .debug_aranges
                0x000007a8      0x510 hpl/sercom/hpl_sercom.o
 .debug_aranges
                0x00000cb8       0x90 hpl/tc/hpl_tc.o
 .debug_aranges
                0x00000d48       0x50 hpl/usart/usart_lite.o
 .debug_aranges
                0x00000d98       0x50 hpl/wdt/hpl_wdt.o
 .debug_aranges
                0x00000de8       0x40 main.o
 .debug_aranges
                0x00000e28       0x40 ModBusConfig/ModBusConfig.o
 .debug_aranges
                0x00000e68       0x38 sht3x/sht3x.o

.debug_ranges   0x00000000      0xfa8
 .debug_ranges  0x00000000       0x10 atmel_start.o
 .debug_ranges  0x00000010       0x18 Device_Startup/startup_saml10e16a.o
 .debug_ranges  0x00000028       0x60 driver_init.o
 .debug_ranges  0x00000088       0x28 eepromEmulator/eepromEmulator.o
 .debug_ranges  0x000000b0       0xb8 freeModBus/ascii/mbascii.o
 .debug_ranges  0x00000168       0x20 freeModBus/functions/mbfunccoils.o
 .debug_ranges  0x00000188       0x10 freeModBus/functions/mbfuncdisc.o
 .debug_ranges  0x00000198       0x28 freeModBus/functions/mbfuncholding.o
 .debug_ranges  0x000001c0       0x10 freeModBus/functions/mbfuncinput.o
 .debug_ranges  0x000001d0       0x18 freeModBus/functions/mbfuncother.o
 .debug_ranges  0x000001e8       0x20 freeModBus/functions/mbutils.o
 .debug_ranges  0x00000208       0x50 freeModBus/mb.o
 .debug_ranges  0x00000258       0x20 freeModBus/port/portevent.o
 .debug_ranges  0x00000278       0x68 freeModBus/port/portserial.o
 .debug_ranges  0x000002e0       0x30 freeModBus/port/porttimer.o
 .debug_ranges  0x00000310       0x10 freeModBus/rtu/mbcrc.o
 .debug_ranges  0x00000320       0xa0 freeModBus/rtu/mbrtu.o
 .debug_ranges  0x000003c0       0x20 hal/src/hal_atomic.o
 .debug_ranges  0x000003e0       0x28 hal/src/hal_delay.o
 .debug_ranges  0x00000408       0x78 hal/src/hal_i2c_m_sync.o
 .debug_ranges  0x00000480       0x20 hal/src/hal_io.o
 .debug_ranges  0x000004a0       0x90 hal/src/hal_timer.o
 .debug_ranges  0x00000530       0x10 hal/utils/src/utils_assert.o
 .debug_ranges  0x00000540       0x38 hal/utils/src/utils_list.o
 .debug_ranges  0x00000578       0x70 hpl/core/hpl_core_m23_base.o
 .debug_ranges  0x000005e8       0x10 hpl/core/hpl_init.o
 .debug_ranges  0x000005f8       0x18 hpl/gclk/hpl_gclk.o
 .debug_ranges  0x00000610       0x10 hpl/mclk/hpl_mclk.o
 .debug_ranges  0x00000620       0x58 hpl/nvmctrl/nvmctrl_lite.o
 .debug_ranges  0x00000678       0x10 hpl/osc32kctrl/hpl_osc32kctrl.o
 .debug_ranges  0x00000688       0x18 hpl/oscctrl/hpl_oscctrl.o
 .debug_ranges  0x000006a0       0x20 hpl/pm/hpl_pm.o
 .debug_ranges  0x000006c0      0x6d0 hpl/sercom/hpl_sercom.o
 .debug_ranges  0x00000d90       0x80 hpl/tc/hpl_tc.o
 .debug_ranges  0x00000e10       0x40 hpl/usart/usart_lite.o
 .debug_ranges  0x00000e50       0x40 hpl/wdt/hpl_wdt.o
 .debug_ranges  0x00000e90       0xa8 main.o
 .debug_ranges  0x00000f38       0x30 ModBusConfig/ModBusConfig.o
 .debug_ranges  0x00000f68       0x40 sht3x/sht3x.o

.debug_macro    0x00000000    0x22a28
 .debug_macro   0x00000000      0x5c1 atmel_start.o
 .debug_macro   0x000005c1      0x8b6 atmel_start.o
 .debug_macro   0x00000e77      0x16d atmel_start.o
 .debug_macro   0x00000fe4       0x22 atmel_start.o
 .debug_macro   0x00001006       0x87 atmel_start.o
 .debug_macro   0x0000108d       0x51 atmel_start.o
 .debug_macro   0x000010de       0xef atmel_start.o
 .debug_macro   0x000011cd       0x6a atmel_start.o
 .debug_macro   0x00001237      0x1df atmel_start.o
 .debug_macro   0x00001416       0x22 atmel_start.o
 .debug_macro   0x00001438       0xc2 atmel_start.o
 .debug_macro   0x000014fa       0x28 atmel_start.o
 .debug_macro   0x00001522       0x85 atmel_start.o
 .debug_macro   0x000015a7      0x9aa atmel_start.o
 .debug_macro   0x00001f51      0x894 atmel_start.o
 .debug_macro   0x000027e5      0xb83 atmel_start.o
 .debug_macro   0x00003368      0x3e0 atmel_start.o
 .debug_macro   0x00003748      0x373 atmel_start.o
 .debug_macro   0x00003abb      0xf2c atmel_start.o
 .debug_macro   0x000049e7      0x834 atmel_start.o
 .debug_macro   0x0000521b      0x814 atmel_start.o
 .debug_macro   0x00005a2f      0xbf2 atmel_start.o
 .debug_macro   0x00006621      0x20d atmel_start.o
 .debug_macro   0x0000682e      0x2b1 atmel_start.o
 .debug_macro   0x00006adf       0x1c atmel_start.o
 .debug_macro   0x00006afb      0x532 atmel_start.o
 .debug_macro   0x0000702d      0xfd0 atmel_start.o
 .debug_macro   0x00007ffd      0x267 atmel_start.o
 .debug_macro   0x00008264      0xb82 atmel_start.o
 .debug_macro   0x00008de6      0x370 atmel_start.o
 .debug_macro   0x00009156      0xe6d atmel_start.o
 .debug_macro   0x00009fc3      0x292 atmel_start.o
 .debug_macro   0x0000a255      0x5b7 atmel_start.o
 .debug_macro   0x0000a80c       0x1c atmel_start.o
 .debug_macro   0x0000a828       0x9a atmel_start.o
 .debug_macro   0x0000a8c2     0x231e atmel_start.o
 .debug_macro   0x0000cbe0     0x15b1 atmel_start.o
 .debug_macro   0x0000e191      0x9c1 atmel_start.o
 .debug_macro   0x0000eb52      0xbee atmel_start.o
 .debug_macro   0x0000f740      0x2b4 atmel_start.o
 .debug_macro   0x0000f9f4      0x13d atmel_start.o
 .debug_macro   0x0000fb31      0x41d atmel_start.o
 .debug_macro   0x0000ff4e       0x88 atmel_start.o
 .debug_macro   0x0000ffd6       0xb2 atmel_start.o
 .debug_macro   0x00010088       0x46 atmel_start.o
 .debug_macro   0x000100ce       0x5e atmel_start.o
 .debug_macro   0x0001012c       0xdc atmel_start.o
 .debug_macro   0x00010208       0xe8 atmel_start.o
 .debug_macro   0x000102f0       0x94 atmel_start.o
 .debug_macro   0x00010384      0x2a2 atmel_start.o
 .debug_macro   0x00010626       0x52 atmel_start.o
 .debug_macro   0x00010678       0xf4 atmel_start.o
 .debug_macro   0x0001076c       0x2e atmel_start.o
 .debug_macro   0x0001079a       0x52 atmel_start.o
 .debug_macro   0x000107ec       0xe8 atmel_start.o
 .debug_macro   0x000108d4       0x3a atmel_start.o
 .debug_macro   0x0001090e       0xb8 atmel_start.o
 .debug_macro   0x000109c6       0x4c atmel_start.o
 .debug_macro   0x00010a12       0x82 atmel_start.o
 .debug_macro   0x00010a94       0x46 atmel_start.o
 .debug_macro   0x00010ada       0xb8 atmel_start.o
 .debug_macro   0x00010b92       0x34 atmel_start.o
 .debug_macro   0x00010bc6       0x22 atmel_start.o
 .debug_macro   0x00010be8      0x14b atmel_start.o
 .debug_macro   0x00010d33      0x189 atmel_start.o
 .debug_macro   0x00010ebc      0x189 atmel_start.o
 .debug_macro   0x00011045      0x189 atmel_start.o
 .debug_macro   0x000111ce       0x58 atmel_start.o
 .debug_macro   0x00011226      0x11f atmel_start.o
 .debug_macro   0x00011345      0x11f atmel_start.o
 .debug_macro   0x00011464      0x11f atmel_start.o
 .debug_macro   0x00011583      0x209 atmel_start.o
 .debug_macro   0x0001178c       0x34 atmel_start.o
 .debug_macro   0x000117c0       0x40 atmel_start.o
 .debug_macro   0x00011800      0x35a atmel_start.o
 .debug_macro   0x00011b5a     0x1884 atmel_start.o
 .debug_macro   0x000133de      0x31b atmel_start.o
 .debug_macro   0x000136f9       0x10 atmel_start.o
 .debug_macro   0x00013709       0x10 atmel_start.o
 .debug_macro   0x00013719       0x16 atmel_start.o
 .debug_macro   0x0001372f       0x16 atmel_start.o
 .debug_macro   0x00013745       0x16 atmel_start.o
 .debug_macro   0x0001375b       0x16 atmel_start.o
 .debug_macro   0x00013771       0x16 atmel_start.o
 .debug_macro   0x00013787       0x16 atmel_start.o
 .debug_macro   0x0001379d       0x16 atmel_start.o
 .debug_macro   0x000137b3       0x16 atmel_start.o
 .debug_macro   0x000137c9       0x16 atmel_start.o
 .debug_macro   0x000137df       0x16 atmel_start.o
 .debug_macro   0x000137f5       0x16 atmel_start.o
 .debug_macro   0x0001380b       0x16 atmel_start.o
 .debug_macro   0x00013821       0x16 atmel_start.o
 .debug_macro   0x00013837       0x16 atmel_start.o
 .debug_macro   0x0001384d       0x16 atmel_start.o
 .debug_macro   0x00013863       0x16 atmel_start.o
 .debug_macro   0x00013879       0x16 atmel_start.o
 .debug_macro   0x0001388f       0x16 atmel_start.o
 .debug_macro   0x000138a5       0x16 atmel_start.o
 .debug_macro   0x000138bb       0x16 atmel_start.o
 .debug_macro   0x000138d1       0x16 atmel_start.o
 .debug_macro   0x000138e7       0x16 atmel_start.o
 .debug_macro   0x000138fd       0x16 atmel_start.o
 .debug_macro   0x00013913       0x16 atmel_start.o
 .debug_macro   0x00013929       0x16 atmel_start.o
 .debug_macro   0x0001393f       0xca atmel_start.o
 .debug_macro   0x00013a09       0x1c atmel_start.o
 .debug_macro   0x00013a25       0x16 atmel_start.o
 .debug_macro   0x00013a3b       0x74 atmel_start.o
 .debug_macro   0x00013aaf       0x6a atmel_start.o
 .debug_macro   0x00013b19       0x10 atmel_start.o
 .debug_macro   0x00013b29       0xc9 atmel_start.o
 .debug_macro   0x00013bf2       0x70 atmel_start.o
 .debug_macro   0x00013c62       0x78 atmel_start.o
 .debug_macro   0x00013cda       0x16 atmel_start.o
 .debug_macro   0x00013cf0      0x30b Device_Startup/startup_saml10e16a.o
 .debug_macro   0x00013ffb       0xbc Device_Startup/startup_saml10e16a.o
 .debug_macro   0x000140b7      0x5b6 driver_init.o
 .debug_macro   0x0001466d      0x76b eepromEmulator/eepromEmulator.o
 .debug_macro   0x00014dd8      0x6cc eepromEmulator/eepromEmulator.o
 .debug_macro   0x000154a4      0x6ba eepromEmulator/eepromEmulator.o
 .debug_macro   0x00015b5e       0x16 eepromEmulator/eepromEmulator.o
 .debug_macro   0x00015b74       0x35 eepromEmulator/eepromEmulator.o
 .debug_macro   0x00015ba9       0x10 eepromEmulator/eepromEmulator.o
 .debug_macro   0x00015bb9       0x10 eepromEmulator/eepromEmulator.o
 .debug_macro   0x00015bc9       0x1c eepromEmulator/eepromEmulator.o
 .debug_macro   0x00015be5       0x52 eepromEmulator/eepromEmulator.o
 .debug_macro   0x00015c37       0x40 eepromEmulator/eepromEmulator.o
 .debug_macro   0x00015c77       0x10 eepromEmulator/eepromEmulator.o
 .debug_macro   0x00015c87       0x40 eepromEmulator/eepromEmulator.o
 .debug_macro   0x00015cc7       0xd7 eepromEmulator/eepromEmulator.o
 .debug_macro   0x00015d9e       0x16 eepromEmulator/eepromEmulator.o
 .debug_macro   0x00015db4      0x18b eepromEmulator/eepromEmulator.o
 .debug_macro   0x00015f3f       0x16 eepromEmulator/eepromEmulator.o
 .debug_macro   0x00015f55      0x5cb freeModBus/ascii/mbascii.o
 .debug_macro   0x00016520       0x52 freeModBus/ascii/mbascii.o
 .debug_macro   0x00016572       0x8d freeModBus/ascii/mbascii.o
 .debug_macro   0x000165ff       0x16 freeModBus/ascii/mbascii.o
 .debug_macro   0x00016615      0x10e freeModBus/ascii/mbascii.o
 .debug_macro   0x00016723       0x86 freeModBus/ascii/mbascii.o
 .debug_macro   0x000167a9       0x57 freeModBus/ascii/mbascii.o
 .debug_macro   0x00016800       0x16 freeModBus/ascii/mbascii.o
 .debug_macro   0x00016816       0x29 freeModBus/ascii/mbascii.o
 .debug_macro   0x0001683f      0x45d freeModBus/ascii/mbascii.o
 .debug_macro   0x00016c9c       0x2e freeModBus/ascii/mbascii.o
 .debug_macro   0x00016cca       0x7c freeModBus/ascii/mbascii.o
 .debug_macro   0x00016d46       0x70 freeModBus/ascii/mbascii.o
 .debug_macro   0x00016db6       0x22 freeModBus/ascii/mbascii.o
 .debug_macro   0x00016dd8      0x5d9 freeModBus/functions/mbfunccoils.o
 .debug_macro   0x000173b1      0x5a3 freeModBus/functions/mbfuncdisc.o
 .debug_macro   0x00017954      0x603 freeModBus/functions/mbfuncholding.o
 .debug_macro   0x00017f57      0x5a9 freeModBus/functions/mbfuncinput.o
 .debug_macro   0x00018500      0x58b freeModBus/functions/mbfuncother.o
 .debug_macro   0x00018a8b      0x57d freeModBus/functions/mbutils.o
 .debug_macro   0x00019008      0x5be freeModBus/mb.o
 .debug_macro   0x000195c6      0x4b7 freeModBus/port/portevent.o
 .debug_macro   0x00019a7d       0x82 freeModBus/port/portevent.o
 .debug_macro   0x00019aff       0xfd freeModBus/port/portevent.o
 .debug_macro   0x00019bfc      0x637 freeModBus/port/portserial.o
 .debug_macro   0x0001a233       0x22 freeModBus/port/portserial.o
 .debug_macro   0x0001a255      0x639 freeModBus/port/porttimer.o
 .debug_macro   0x0001a88e       0x10 freeModBus/port/porttimer.o
 .debug_macro   0x0001a89e      0x140 freeModBus/port/porttimer.o
 .debug_macro   0x0001a9de      0x494 freeModBus/rtu/mbcrc.o
 .debug_macro   0x0001ae72      0x60b freeModBus/rtu/mbrtu.o
 .debug_macro   0x0001b47d       0x10 freeModBus/rtu/mbrtu.o
 .debug_macro   0x0001b48d      0x451 hal/src/hal_atomic.o
 .debug_macro   0x0001b8de      0x483 hal/src/hal_delay.o
 .debug_macro   0x0001bd61      0x48c hal/src/hal_i2c_m_sync.o
 .debug_macro   0x0001c1ed       0x6a hal/src/hal_i2c_m_sync.o
 .debug_macro   0x0001c257      0x464 hal/src/hal_io.o
 .debug_macro   0x0001c6bb      0x497 hal/src/hal_timer.o
 .debug_macro   0x0001cb52      0x45a hal/utils/src/utils_assert.o
 .debug_macro   0x0001cfac       0x10 hal/utils/src/utils_assert.o
 .debug_macro   0x0001cfbc      0x45e hal/utils/src/utils_list.o
 .debug_macro   0x0001d41a      0x4a8 hpl/core/hpl_core_m23_base.o
 .debug_macro   0x0001d8c2      0x4ca hpl/core/hpl_init.o
 .debug_macro   0x0001dd8c       0x22 hpl/core/hpl_init.o
 .debug_macro   0x0001ddae      0x3f2 hpl/core/hpl_init.o
 .debug_macro   0x0001e1a0      0x46d hpl/gclk/hpl_gclk.o
 .debug_macro   0x0001e60d      0x137 hpl/gclk/hpl_gclk.o
 .debug_macro   0x0001e744      0x463 hpl/mclk/hpl_mclk.o
 .debug_macro   0x0001eba7      0x46a hpl/nvmctrl/nvmctrl_lite.o
 .debug_macro   0x0001f011      0x45e hpl/osc32kctrl/hpl_osc32kctrl.o
 .debug_macro   0x0001f46f       0x80 hpl/osc32kctrl/hpl_osc32kctrl.o
 .debug_macro   0x0001f4ef      0x476 hpl/oscctrl/hpl_oscctrl.o
 .debug_macro   0x0001f965      0x145 hpl/oscctrl/hpl_oscctrl.o
 .debug_macro   0x0001faaa      0x469 hpl/pm/hpl_pm.o
 .debug_macro   0x0001ff13      0x699 hpl/sercom/hpl_sercom.o
 .debug_macro   0x000205ac       0xfd hpl/sercom/hpl_sercom.o
 .debug_macro   0x000206a9       0x10 hpl/sercom/hpl_sercom.o
 .debug_macro   0x000206b9       0x1c hpl/sercom/hpl_sercom.o
 .debug_macro   0x000206d5       0x22 hpl/sercom/hpl_sercom.o
 .debug_macro   0x000206f7       0x10 hpl/sercom/hpl_sercom.o
 .debug_macro   0x00020707      0x4ca hpl/tc/hpl_tc.o
 .debug_macro   0x00020bd1      0x46c hpl/usart/usart_lite.o
 .debug_macro   0x0002103d      0x4bf hpl/wdt/hpl_wdt.o
 .debug_macro   0x000214fc       0x1c hpl/wdt/hpl_wdt.o
 .debug_macro   0x00021518      0x788 main.o
 .debug_macro   0x00021ca0       0x22 main.o
 .debug_macro   0x00021cc2       0x28 main.o
 .debug_macro   0x00021cea       0x2e main.o
 .debug_macro   0x00021d18      0x65a ModBusConfig/ModBusConfig.o
 .debug_macro   0x00022372      0x6b6 sht3x/sht3x.o

.debug_line     0x00000000    0x1c8d7
 .debug_line    0x00000000      0xb6d atmel_start.o
 .debug_line    0x00000b6d      0x6db Device_Startup/startup_saml10e16a.o
 .debug_line    0x00001248      0xd33 driver_init.o
 .debug_line    0x00001f7b      0xd67 eepromEmulator/eepromEmulator.o
 .debug_line    0x00002ce2      0xc3e freeModBus/ascii/mbascii.o
 .debug_line    0x00003920      0xaf1 freeModBus/functions/mbfunccoils.o
 .debug_line    0x00004411      0xa78 freeModBus/functions/mbfuncdisc.o
 .debug_line    0x00004e89      0xb24 freeModBus/functions/mbfuncholding.o
 .debug_line    0x000059ad      0xa71 freeModBus/functions/mbfuncinput.o
 .debug_line    0x0000641e      0xa83 freeModBus/functions/mbfuncother.o
 .debug_line    0x00006ea1      0xa75 freeModBus/functions/mbutils.o
 .debug_line    0x00007916      0xb9f freeModBus/mb.o
 .debug_line    0x000084b5      0x9ca freeModBus/port/portevent.o
 .debug_line    0x00008e7f      0xe27 freeModBus/port/portserial.o
 .debug_line    0x00009ca6      0xc71 freeModBus/port/porttimer.o
 .debug_line    0x0000a917      0x970 freeModBus/rtu/mbcrc.o
 .debug_line    0x0000b287      0xbe9 freeModBus/rtu/mbrtu.o
 .debug_line    0x0000be70      0x963 hal/src/hal_atomic.o
 .debug_line    0x0000c7d3      0x991 hal/src/hal_delay.o
 .debug_line    0x0000d164      0xa7f hal/src/hal_i2c_m_sync.o
 .debug_line    0x0000dbe3      0x97c hal/src/hal_io.o
 .debug_line    0x0000e55f      0xb02 hal/src/hal_timer.o
 .debug_line    0x0000f061      0x92e hal/utils/src/utils_assert.o
 .debug_line    0x0000f98f      0x9c9 hal/utils/src/utils_list.o
 .debug_line    0x00010358      0xb00 hpl/core/hpl_core_m23_base.o
 .debug_line    0x00010e58      0xa0e hpl/core/hpl_init.o
 .debug_line    0x00011866      0x996 hpl/gclk/hpl_gclk.o
 .debug_line    0x000121fc      0x956 hpl/mclk/hpl_mclk.o
 .debug_line    0x00012b52      0xa43 hpl/nvmctrl/nvmctrl_lite.o
 .debug_line    0x00013595      0x96d hpl/osc32kctrl/hpl_osc32kctrl.o
 .debug_line    0x00013f02      0x9ae hpl/oscctrl/hpl_oscctrl.o
 .debug_line    0x000148b0      0x99e hpl/pm/hpl_pm.o
 .debug_line    0x0001524e     0x29b1 hpl/sercom/hpl_sercom.o
 .debug_line    0x00017bff      0xcea hpl/tc/hpl_tc.o
 .debug_line    0x000188e9      0xa76 hpl/usart/usart_lite.o
 .debug_line    0x0001935f      0xb9a hpl/wdt/hpl_wdt.o
 .debug_line    0x00019ef9      0xedf main.o
 .debug_line    0x0001add8      0xe72 ModBusConfig/ModBusConfig.o
 .debug_line    0x0001bc4a      0xc8d sht3x/sht3x.o

.debug_str      0x00000000    0x971b7
 .debug_str     0x00000000    0x7f2a5 atmel_start.o
                              0x7f87d (size before relaxing)
 .debug_str     0x0007f2a5      0x519 Device_Startup/startup_saml10e16a.o
                              0x7d83e (size before relaxing)
 .debug_str     0x0007f7be     0x13db driver_init.o
                              0x80d41 (size before relaxing)
 .debug_str     0x00080b99     0x9820 eepromEmulator/eepromEmulator.o
                              0x891a6 (size before relaxing)
 .debug_str     0x0008a3b9     0x1bf8 freeModBus/ascii/mbascii.o
                              0x82be9 (size before relaxing)
 .debug_str     0x0008bfb1      0x44d freeModBus/functions/mbfunccoils.o
                              0x82bc0 (size before relaxing)
 .debug_str     0x0008c3fe       0xbb freeModBus/functions/mbfuncdisc.o
                              0x829a9 (size before relaxing)
 .debug_str     0x0008c4b9      0x419 freeModBus/functions/mbfuncholding.o
                              0x82dd2 (size before relaxing)
 .debug_str     0x0008c8d2       0x82 freeModBus/functions/mbfuncinput.o
                              0x829cd (size before relaxing)
 .debug_str     0x0008c954       0x9e freeModBus/functions/mbfuncother.o
                              0x82906 (size before relaxing)
 .debug_str     0x0008c9f2       0xb0 freeModBus/functions/mbutils.o
                              0x8266e (size before relaxing)
 .debug_str     0x0008caa2      0x274 freeModBus/mb.o
                              0x82bec (size before relaxing)
 .debug_str     0x0008cd16       0x49 freeModBus/port/portevent.o
                              0x7f928 (size before relaxing)
 .debug_str     0x0008cd5f      0x615 freeModBus/port/portserial.o
                              0x81fef (size before relaxing)
 .debug_str     0x0008d374      0x623 freeModBus/port/porttimer.o
                              0x8182b (size before relaxing)
 .debug_str     0x0008d997       0x3d freeModBus/rtu/mbcrc.o
                              0x7f5ef (size before relaxing)
 .debug_str     0x0008d9d4      0x97e freeModBus/rtu/mbrtu.o
                              0x83901 (size before relaxing)
 .debug_str     0x0008e352       0x7e hal/src/hal_atomic.o
                              0x7e368 (size before relaxing)
 .debug_str     0x0008e3d0       0x92 hal/src/hal_delay.o
                              0x7e3d2 (size before relaxing)
 .debug_str     0x0008e462      0x170 hal/src/hal_i2c_m_sync.o
                              0x7ec6b (size before relaxing)
 .debug_str     0x0008e5d2       0x3d hal/src/hal_io.o
                              0x7e415 (size before relaxing)
 .debug_str     0x0008e60f      0x25a hal/src/hal_timer.o
                              0x7eca7 (size before relaxing)
 .debug_str     0x0008e869       0x2a hal/utils/src/utils_assert.o
                              0x7e378 (size before relaxing)
 .debug_str     0x0008e893       0x31 hal/utils/src/utils_list.o
                              0x7e422 (size before relaxing)
 .debug_str     0x0008e8c4      0x140 hpl/core/hpl_core_m23_base.o
                              0x7f0d7 (size before relaxing)
 .debug_str     0x0008ea04      0xe31 hpl/core/hpl_init.o
                              0x7fcbc (size before relaxing)
 .debug_str     0x0008f835      0x583 hpl/gclk/hpl_gclk.o
                              0x7e9ea (size before relaxing)
 .debug_str     0x0008fdb8       0x47 hpl/mclk/hpl_mclk.o
                              0x7e89e (size before relaxing)
 .debug_str     0x0008fdff      0x234 hpl/nvmctrl/nvmctrl_lite.o
                              0x7e9ae (size before relaxing)
 .debug_str     0x00090033      0x45d hpl/osc32kctrl/hpl_osc32kctrl.o
                              0x7e7cf (size before relaxing)
 .debug_str     0x00090490      0x8af hpl/oscctrl/hpl_oscctrl.o
                              0x7f048 (size before relaxing)
 .debug_str     0x00090d3f      0x290 hpl/pm/hpl_pm.o
                              0x7e62a (size before relaxing)
 .debug_str     0x00090fcf     0x4be3 hpl/sercom/hpl_sercom.o
                              0x847a3 (size before relaxing)
 .debug_str     0x00095bb2      0x7d0 hpl/tc/hpl_tc.o
                              0x8019b (size before relaxing)
 .debug_str     0x00096382       0x8c hpl/usart/usart_lite.o
                              0x7f1a2 (size before relaxing)
 .debug_str     0x0009640e      0x452 hpl/wdt/hpl_wdt.o
                              0x7e91c (size before relaxing)
 .debug_str     0x00096860      0x7d9 main.o
                              0x8550d (size before relaxing)
 .debug_str     0x00097039      0x10a ModBusConfig/ModBusConfig.o
                              0x818a0 (size before relaxing)
 .debug_str     0x00097143       0x74 sht3x/sht3x.o
                              0x83050 (size before relaxing)

.debug_frame    0x00000000     0x2708
 .debug_frame   0x00000000       0x28 atmel_start.o
 .debug_frame   0x00000028       0x38 Device_Startup/startup_saml10e16a.o
 .debug_frame   0x00000060      0x108 driver_init.o
 .debug_frame   0x00000168       0x78 eepromEmulator/eepromEmulator.o
 .debug_frame   0x000001e0      0x11c freeModBus/ascii/mbascii.o
 .debug_frame   0x000002fc       0x68 freeModBus/functions/mbfunccoils.o
 .debug_frame   0x00000364       0x2c freeModBus/functions/mbfuncdisc.o
 .debug_frame   0x00000390       0x84 freeModBus/functions/mbfuncholding.o
 .debug_frame   0x00000414       0x2c freeModBus/functions/mbfuncinput.o
 .debug_frame   0x00000440       0x48 freeModBus/functions/mbfuncother.o
 .debug_frame   0x00000488       0x58 freeModBus/functions/mbutils.o
 .debug_frame   0x000004e0       0xb0 freeModBus/mb.o
 .debug_frame   0x00000590       0x40 freeModBus/port/portevent.o
 .debug_frame   0x000005d0      0x108 freeModBus/port/portserial.o
 .debug_frame   0x000006d8       0x88 freeModBus/port/porttimer.o
 .debug_frame   0x00000760       0x2c freeModBus/rtu/mbcrc.o
 .debug_frame   0x0000078c       0xec freeModBus/rtu/mbrtu.o
 .debug_frame   0x00000878       0x40 hal/src/hal_atomic.o
 .debug_frame   0x000008b8       0x68 hal/src/hal_delay.o
 .debug_frame   0x00000920      0x164 hal/src/hal_i2c_m_sync.o
 .debug_frame   0x00000a84       0x58 hal/src/hal_io.o
 .debug_frame   0x00000adc      0x13c hal/src/hal_timer.o
 .debug_frame   0x00000c18       0x20 hal/utils/src/utils_assert.o
 .debug_frame   0x00000c38       0x88 hal/utils/src/utils_list.o
 .debug_frame   0x00000cc0       0xec hpl/core/hpl_core_m23_base.o
 .debug_frame   0x00000dac       0x28 hpl/core/hpl_init.o
 .debug_frame   0x00000dd4       0x30 hpl/gclk/hpl_gclk.o
 .debug_frame   0x00000e04       0x20 hpl/mclk/hpl_mclk.o
 .debug_frame   0x00000e24       0x9c hpl/nvmctrl/nvmctrl_lite.o
 .debug_frame   0x00000ec0       0x20 hpl/osc32kctrl/hpl_osc32kctrl.o
 .debug_frame   0x00000ee0       0x30 hpl/oscctrl/hpl_oscctrl.o
 .debug_frame   0x00000f10       0x40 hpl/pm/hpl_pm.o
 .debug_frame   0x00000f50      0xebc hpl/sercom/hpl_sercom.o
 .debug_frame   0x00001e0c      0x140 hpl/tc/hpl_tc.o
 .debug_frame   0x00001f4c       0x80 hpl/usart/usart_lite.o